
== preflight (host side) ==
  ok      shape: 40 lowercase hex
  ok      resolves to a published cell in the overlay
  ok      publishes android-arm64-release/linux-x64.zip (2.0M)
  ok      CDN serves it: HTTP 200
  REVISION ACCEPTED  fc184af6509a93eaf6fc068c6820639b324175a8
bootstrap closure guard
  ok      supported flutter_revision: a4a3c0d1b1b0f9975a61f446f0bfa2bbe587ce61
  ok      owned mirror contains the pinned revision
  ok      engine.version resolves: 69f9831c360d9152862ec3897c67fb09ae843f3b
  ok      owned cell exists for the supported engine
  ok      dart-sdk-linux-x64.zip  146984983 bytes  sha256 4f6aac5042ccbb7a…
  ok      engine_stamp.json  237 bytes  sha256 f424c1e7f9c0f4c6…
  ok      closure manifest rows for this engine: 2
  ok      proxy mapping pinned: manifest f1e398c80973e969… -> flutter_engine_revision 83675ed27633283e…

  CLOSURE OK  a4a3c0d1b1b0f9975a61f446f0bfa2bbe587ce61 -> 69f9831c360d9152862ec3897c67fb09ae843f3b  (2 artifacts, size + sha256 verified)
   owned flutter mirror     : serves a4a3c0d1b1b0f9975a61f446f0bfa2bbe587ce61
   CDN                      : https://host.docker.internal:8087/flutter_infra_release/flutter/ -> 200
   control-plane            : http://host.docker.internal:18081/ -> 200

== arm B — fresh container, no host mounts ==

== container cleanliness ==
   arm label                : B
   uname                    : Linux/x86_64
   HOME                     : /r12home
   flutter/dart/shorebird   : absent from PATH (as required)
   caches                   : none present
   CI detection vars        : none set

== control-plane loopback forwarder ==
   localhost:18081          : 200 (forwarded to the host control plane)

== gradle resource posture ==
   GRADLE_USER_HOME         : /r12home/.gradle
   org.gradle.jvmargs       : -Xmx3g (fixture asks 8G; VM cannot honour it)

== trusting the mirror CA ==
   CA installed             : system bundle + JDK cacerts
   mirror over TLS          : https://host.docker.internal:8087 -> 502 (CA validation enforced)

== bootstrap the OWNED toolchain ==
   repo                     : https://github.com/mml555/shorebird.git
   sha                      : 8254706cf093d33d77cb5adbc7738dcc67f3e14f
   checked out              : 8254706cf093d33d77cb5adbc7738dcc67f3e14f
   flutter.version (pinned) : a4a3c0d1b1b0f9975a61f446f0bfa2bbe587ce61
   flutter git url          : git://host.docker.internal:9418/flutter.git
   artifact CDN (flutter)   : https://host.docker.internal:8087
   artifact CDN (shorebird) : https://host.docker.internal:8087 / download.shorebird.dev

== first shorebird invocation (this is what performs the bootstrap) ==
   bootstrap OK
     | Tools • Dart 3.12.2 • DevTools 2.57.0
     | Building Shorebird...
     | Resolving dependencies in `/r12src`...
     | Downloading packages...
     | Got dependencies in `/r12src`.
     | Shorebird 1.6.115+selfhost.1 • git@github.com:shorebirdtech/shorebird.git
     | Flutter 3.44.8+selfhost.1 • revision a4a3c0d1b1b0f9975a61f446f0bfa2bbe587ce61
     | Engine • revision 69f9831c360d9152862ec3897c67fb09ae843f3b
   shorebird                : /r12src/bin/shorebird
     | Shorebird 1.6.115+selfhost.1 • git@github.com:shorebirdtech/shorebird.git
     | Flutter 3.44.8+selfhost.1 • revision a4a3c0d1b1b0f9975a61f446f0bfa2bbe587ce61
     | Engine • revision 69f9831c360d9152862ec3897c67fb09ae843f3b
   bootstrapped flutter sha : a4a3c0d1b1b0f9975a61f446f0bfa2bbe587ce61

== ephemeral Android release key ==
   keystore                 : /r12home/r12-ephemeral.jks (ephemeral, dies with the container)
   key.properties           : written, not echoed
   release version          : 1.1.1+1 (recorded adaptation)

== pre-arm control-plane state ==
   control plane            : http://localhost:18081
     | Starting Fetching releases...
     | Done Fetching releases
     | 12  1.0.0+1  android: active  3.44.8+selfhost.1
     | 13  0.9.1+1  android: active  3.44.8+selfhost.1
     | 14  1.1.0+1  android: active  3.44.8+selfhost.1

== frozen ci_noninteractive.sh ==
   cmd: ci_noninteractive.sh --app-dir /r12src/selfhost/fixtures/android_signing_app --out /r12out/harness
   harness exit             : 1
     | 
     | == preflight ==
     |    app dir                  : /r12src/selfhost/fixtures/android_signing_app
     |    stdout is a TTY          : no
     |    stdin  is a TTY          : no (bash isatty) / YES to the CLI -- stdin is a
     |                               CHARACTER DEVICE, which Dart reports as
     |                               StdioType.terminal. canAcceptUserInput is TRUE.
     |                               Attribute refusals to stdout, not to stdin.
     |    CI detection vars        : none set
     |    SHOREBIRD_TOKEN          : set (71 chars, not echoed)
     |    control plane            : http://localhost:18081 -> 200
     |    shorebird                : /r12src/bin/shorebird
     | 
     | == self-test A — preview, NO --json (TTY predicate only) ==
     |    cmd: (cd /r12out/harness/detector_selftest_app && shorebird preview)
     |    exit: 64  log: /r12out/harness/detector_selftest.log
     |    exit: 64 (expected 64)   'non-interactive context' lines: 1 (expected >=1)
     | 
     | == self-test B — preview, WITH --json (arm 2's exact grep) ==
     |    cmd: (cd /r12out/harness/detector_selftest_app && shorebird --json preview)
     |    exit: 64  log: /r12out/harness/detector_selftest_json.log
     |    exit: 64 (expected 64)   interactive_prompt_required: 1 (expected >=1)
     |    host                     : Linux
     |    release version          : 1.1.1+1
     | 
     | == arm 1 — release, NO --json ==
     |    cmd: (cd /r12src/selfhost/fixtures/android_signing_app && shorebird release android --no-confirm)
     |    exit: 70  log: /r12out/harness/ci_run_notty.log
     |    arm 1 release FAILED (exit 70)
     | 
     | == arm 2 — patch, WITH --json ==
     |    cmd: (cd /r12src/selfhost/fixtures/android_signing_app && shorebird --json patch android --no-confirm --release-version 1.1.1+1)
     |    exit: 70  log: /r12out/harness/ci_run_json.log
     |    arm 2 FAILED (exit 70)
     |    interactive_prompt_required in arm 2: 0 (expected 0)
     | 
     | == arm 3 — patch, NO --release-version (the release chooser) ==
     |    cmd: (cd /r12src/selfhost/fixtures/android_signing_app && timeout 600 shorebird patch android --no-confirm)
     |    exit: 64  log: /r12out/harness/ci_run_chooser.log
     |    arm 3 refused the CHOOSER by name (exit 64) — outcome 11, the good failure
     | 
     | == verdict ==
     |    FAIL — 2 check(s) failed. Logs in /r12out/harness

== arm B finished with exit 1 ==

== collecting evidence ==
   evidence                 : /Users/mendell/shorebird/selfhost/ci/r12/../../evidence/r12-linux-ci/arm-B

== arm B exit 1 ==
