native=1 mono_us=1 wall=2026-08-28T00:19:16Z pid=50102 event=UIAPP_DID_FINISH_LAUNCHING
native=1 mono_us=152381 wall=2026-08-28T00:19:17Z pid=50102 event=FLUTTER_ENGINE_INITIALIZED
seq=0 mono_us=0 wall=2026-08-28T00:19:17.165030Z pid=50102 event=PROCESS_BEGIN detail=phase=main
seq=1 mono_us=7546 wall=2026-08-28T00:19:17.172571Z pid=50102 event=DART_MAIN_ENTERED detail=state=ACT-V1
seq=2 mono_us=23802 wall=2026-08-28T00:19:17.188827Z pid=50102 event=INIT_STATE
seq=3 mono_us=25059 wall=2026-08-28T00:19:17.190084Z pid=50102 event=PID_READ
seq=4 mono_us=55203 wall=2026-08-28T00:19:17.220228Z pid=50102 event=FIRST_FRAME detail=state=ACT-V1
seq=5 mono_us=61111 wall=2026-08-28T00:19:17.226136Z pid=50102 event=POST_FRAME_HEARTBEAT detail=+0ms
seq=6 mono_us=195244 wall=2026-08-28T00:19:17.360270Z pid=50102 event=POST_FRAME_HEARTBEAT detail=+100ms
seq=7 mono_us=231386 wall=2026-08-28T00:19:17.396412Z pid=50102 event=APP_LIFECYCLE detail=inactive
seq=8 mono_us=331208 wall=2026-08-28T00:19:17.496235Z pid=50102 event=POST_FRAME_HEARTBEAT detail=+250ms
seq=9 mono_us=590331 wall=2026-08-28T00:19:17.755359Z pid=50102 event=POST_FRAME_HEARTBEAT detail=+500ms
seq=10 mono_us=1059823 wall=2026-08-28T00:19:18.224855Z pid=50102 event=POST_FRAME_HEARTBEAT detail=+1000ms
seq=11 mono_us=1778676 wall=2026-08-28T00:19:18.943712Z pid=50102 event=APP_LIFECYCLE detail=resumed
seq=12 mono_us=2060413 wall=2026-08-28T00:19:19.225453Z pid=50102 event=POST_FRAME_HEARTBEAT detail=+2000ms
seq=13 mono_us=5060234 wall=2026-08-28T00:19:22.225292Z pid=50102 event=POST_FRAME_HEARTBEAT detail=+5000ms
seq=14 mono_us=116747839 wall=2026-08-28T00:21:13.913571Z pid=50102 event=APP_LIFECYCLE detail=inactive
seq=15 mono_us=117361834 wall=2026-08-28T00:21:14.527567Z pid=50102 event=MEMORY_PRESSURE
seq=16 mono_us=117392975 wall=2026-08-28T00:21:14.558707Z pid=50102 event=APP_LIFECYCLE detail=hidden
seq=17 mono_us=117394447 wall=2026-08-28T00:21:14.560179Z pid=50102 event=APP_LIFECYCLE detail=paused
seq=18 mono_us=117406829 wall=2026-08-28T00:21:14.572562Z pid=50102 event=APP_LIFECYCLE detail=hidden
seq=19 mono_us=117408442 wall=2026-08-28T00:21:14.574174Z pid=50102 event=APP_LIFECYCLE detail=inactive
seq=20 mono_us=117445268 wall=2026-08-28T00:21:14.611001Z pid=50102 event=APP_LIFECYCLE detail=hidden
seq=21 mono_us=117447184 wall=2026-08-28T00:21:14.612917Z pid=50102 event=APP_LIFECYCLE detail=paused
seq=22 mono_us=117449129 wall=2026-08-28T00:21:14.614862Z pid=50102 event=MEMORY_PRESSURE
seq=23 mono_us=117451365 wall=2026-08-28T00:21:14.617098Z pid=50102 event=APP_LIFECYCLE detail=detached
native=1 mono_us=117687135 wall=2026-08-28T00:21:14Z pid=50102 event=UIAPP_WILL_TERMINATE
native=1 mono_us=1 wall=2026-08-28T00:27:54Z pid=50167 event=UIAPP_DID_FINISH_LAUNCHING
native=1 mono_us=60741 wall=2026-08-28T00:27:54Z pid=50167 event=FLUTTER_ENGINE_INITIALIZED
seq=0 mono_us=0 wall=2026-08-28T00:27:55.026090Z pid=50167 event=PROCESS_BEGIN detail=phase=main
seq=1 mono_us=3998 wall=2026-08-28T00:27:55.030085Z pid=50167 event=DART_MAIN_ENTERED detail=state=ACT-V1
seq=2 mono_us=22737 wall=2026-08-28T00:27:55.048825Z pid=50167 event=INIT_STATE
seq=3 mono_us=24487 wall=2026-08-28T00:27:55.050575Z pid=50167 event=PID_READ
seq=4 mono_us=44359 wall=2026-08-28T00:27:55.070447Z pid=50167 event=FIRST_FRAME detail=state=ACT-V1
seq=5 mono_us=48823 wall=2026-08-28T00:27:55.074912Z pid=50167 event=POST_FRAME_HEARTBEAT detail=+0ms
seq=6 mono_us=146946 wall=2026-08-28T00:27:55.173038Z pid=50167 event=POST_FRAME_HEARTBEAT detail=+100ms
seq=7 mono_us=166838 wall=2026-08-28T00:27:55.192932Z pid=50167 event=APP_LIFECYCLE detail=resumed
seq=8 mono_us=297774 wall=2026-08-28T00:27:55.323872Z pid=50167 event=POST_FRAME_HEARTBEAT detail=+250ms
seq=9 mono_us=547387 wall=2026-08-28T00:27:55.573494Z pid=50167 event=POST_FRAME_HEARTBEAT detail=+500ms
seq=10 mono_us=1047753 wall=2026-08-28T00:27:56.073881Z pid=50167 event=POST_FRAME_HEARTBEAT detail=+1000ms
seq=11 mono_us=2047555 wall=2026-08-28T00:27:57.073720Z pid=50167 event=POST_FRAME_HEARTBEAT detail=+2000ms
seq=12 mono_us=5047790 wall=2026-08-28T00:28:00.074047Z pid=50167 event=POST_FRAME_HEARTBEAT detail=+5000ms
seq=13 mono_us=23445783 wall=2026-08-28T00:28:18.472391Z pid=50167 event=APP_LIFECYCLE detail=inactive
seq=14 mono_us=24738192 wall=2026-08-28T00:28:19.764813Z pid=50167 event=MEMORY_PRESSURE
seq=15 mono_us=24753069 wall=2026-08-28T00:28:19.779690Z pid=50167 event=APP_LIFECYCLE detail=hidden
seq=16 mono_us=24754441 wall=2026-08-28T00:28:19.781063Z pid=50167 event=APP_LIFECYCLE detail=paused
seq=17 mono_us=24765776 wall=2026-08-28T00:28:19.792398Z pid=50167 event=APP_LIFECYCLE detail=hidden
seq=18 mono_us=24767393 wall=2026-08-28T00:28:19.794014Z pid=50167 event=APP_LIFECYCLE detail=inactive
seq=19 mono_us=24814034 wall=2026-08-28T00:28:19.840656Z pid=50167 event=APP_LIFECYCLE detail=hidden
seq=20 mono_us=24815802 wall=2026-08-28T00:28:19.842424Z pid=50167 event=APP_LIFECYCLE detail=paused
seq=21 mono_us=24817940 wall=2026-08-28T00:28:19.844562Z pid=50167 event=MEMORY_PRESSURE
seq=22 mono_us=24820721 wall=2026-08-28T00:28:19.847343Z pid=50167 event=APP_LIFECYCLE detail=detached
native=1 mono_us=24960183 wall=2026-08-28T00:28:19Z pid=50167 event=UIAPP_WILL_TERMINATE
native=1 mono_us=1 wall=2026-08-28T00:28:20Z pid=50172 event=UIAPP_DID_FINISH_LAUNCHING
native=1 mono_us=62205 wall=2026-08-28T00:28:20Z pid=50172 event=FLUTTER_ENGINE_INITIALIZED
seq=0 mono_us=0 wall=2026-08-28T00:28:20.557940Z pid=50172 event=PROCESS_BEGIN detail=phase=main
seq=1 mono_us=1914 wall=2026-08-28T00:28:20.559851Z pid=50172 event=DART_MAIN_ENTERED detail=state=ACT-V2
seq=2 mono_us=14264 wall=2026-08-28T00:28:20.572202Z pid=50172 event=INIT_STATE
seq=3 mono_us=16429 wall=2026-08-28T00:28:20.574366Z pid=50172 event=PID_READ
seq=4 mono_us=37411 wall=2026-08-28T00:28:20.595350Z pid=50172 event=FIRST_FRAME detail=state=ACT-V2
seq=5 mono_us=42515 wall=2026-08-28T00:28:20.600455Z pid=50172 event=POST_FRAME_HEARTBEAT detail=+0ms
seq=6 mono_us=141755 wall=2026-08-28T00:28:20.699695Z pid=50172 event=POST_FRAME_HEARTBEAT detail=+100ms
seq=7 mono_us=152642 wall=2026-08-28T00:28:20.710583Z pid=50172 event=APP_LIFECYCLE detail=resumed
seq=8 mono_us=291903 wall=2026-08-28T00:28:20.849845Z pid=50172 event=POST_FRAME_HEARTBEAT detail=+250ms
seq=9 mono_us=541639 wall=2026-08-28T00:28:21.099583Z pid=50172 event=POST_FRAME_HEARTBEAT detail=+500ms
seq=10 mono_us=1043113 wall=2026-08-28T00:28:21.601066Z pid=50172 event=POST_FRAME_HEARTBEAT detail=+1000ms
seq=11 mono_us=2042620 wall=2026-08-28T00:28:22.600587Z pid=50172 event=POST_FRAME_HEARTBEAT detail=+2000ms
seq=12 mono_us=5042811 wall=2026-08-28T00:28:25.600811Z pid=50172 event=POST_FRAME_HEARTBEAT detail=+5000ms
seq=13 mono_us=65321373 wall=2026-08-28T00:29:25.879797Z pid=50172 event=APP_LIFECYCLE detail=inactive
seq=14 mono_us=66055438 wall=2026-08-28T00:29:26.613865Z pid=50172 event=MEMORY_PRESSURE
seq=15 mono_us=66071665 wall=2026-08-28T00:29:26.630091Z pid=50172 event=APP_LIFECYCLE detail=hidden
seq=16 mono_us=66073683 wall=2026-08-28T00:29:26.632109Z pid=50172 event=APP_LIFECYCLE detail=paused
seq=17 mono_us=66084331 wall=2026-08-28T00:29:26.642758Z pid=50172 event=APP_LIFECYCLE detail=hidden
seq=18 mono_us=66085688 wall=2026-08-28T00:29:26.644115Z pid=50172 event=APP_LIFECYCLE detail=inactive
seq=19 mono_us=66138417 wall=2026-08-28T00:29:26.696844Z pid=50172 event=APP_LIFECYCLE detail=hidden
seq=20 mono_us=66140099 wall=2026-08-28T00:29:26.698526Z pid=50172 event=APP_LIFECYCLE detail=paused
seq=21 mono_us=66142284 wall=2026-08-28T00:29:26.700712Z pid=50172 event=MEMORY_PRESSURE
seq=22 mono_us=66144723 wall=2026-08-28T00:29:26.703149Z pid=50172 event=APP_LIFECYCLE detail=detached
native=1 mono_us=66270509 wall=2026-08-28T00:29:26Z pid=50172 event=UIAPP_WILL_TERMINATE
native=1 mono_us=1 wall=2026-08-28T00:34:07Z pid=50220 event=UIAPP_DID_FINISH_LAUNCHING
native=1 mono_us=60323 wall=2026-08-28T00:34:07Z pid=50220 event=FLUTTER_ENGINE_INITIALIZED
seq=0 mono_us=0 wall=2026-08-28T00:34:07.476141Z pid=50220 event=PROCESS_BEGIN detail=phase=main
seq=1 mono_us=2094 wall=2026-08-28T00:34:07.478232Z pid=50220 event=DART_MAIN_ENTERED detail=state=ACT-V2
seq=2 mono_us=7355 wall=2026-08-28T00:34:07.483493Z pid=50220 event=INIT_STATE
seq=3 mono_us=10380 wall=2026-08-28T00:34:07.486518Z pid=50220 event=PID_READ
seq=4 mono_us=36898 wall=2026-08-28T00:34:07.513037Z pid=50220 event=FIRST_FRAME detail=state=ACT-V2
seq=5 mono_us=39644 wall=2026-08-28T00:34:07.515783Z pid=50220 event=POST_FRAME_HEARTBEAT detail=+0ms
seq=6 mono_us=140247 wall=2026-08-28T00:34:07.616386Z pid=50220 event=POST_FRAME_HEARTBEAT detail=+100ms
seq=7 mono_us=174037 wall=2026-08-28T00:34:07.650177Z pid=50220 event=APP_LIFECYCLE detail=resumed
seq=8 mono_us=290371 wall=2026-08-28T00:34:07.766511Z pid=50220 event=POST_FRAME_HEARTBEAT detail=+250ms
seq=9 mono_us=539844 wall=2026-08-28T00:34:08.015986Z pid=50220 event=POST_FRAME_HEARTBEAT detail=+500ms
seq=10 mono_us=1040092 wall=2026-08-28T00:34:08.516239Z pid=50220 event=POST_FRAME_HEARTBEAT detail=+1000ms
seq=11 mono_us=2040577 wall=2026-08-28T00:34:09.516731Z pid=50220 event=POST_FRAME_HEARTBEAT detail=+2000ms
seq=12 mono_us=5040110 wall=2026-08-28T00:34:12.516284Z pid=50220 event=POST_FRAME_HEARTBEAT detail=+5000ms
seq=13 mono_us=350485546 wall=2026-08-28T00:39:57.971151Z pid=50220 event=APP_LIFECYCLE detail=inactive
seq=14 mono_us=351276803 wall=2026-08-28T00:39:58.762412Z pid=50220 event=MEMORY_PRESSURE
seq=15 mono_us=351381865 wall=2026-08-28T00:39:58.867476Z pid=50220 event=APP_LIFECYCLE detail=hidden
seq=16 mono_us=351384523 wall=2026-08-28T00:39:58.870133Z pid=50220 event=APP_LIFECYCLE detail=paused
seq=17 mono_us=351400402 wall=2026-08-28T00:39:58.886012Z pid=50220 event=APP_LIFECYCLE detail=hidden
seq=18 mono_us=351402290 wall=2026-08-28T00:39:58.887901Z pid=50220 event=APP_LIFECYCLE detail=inactive
seq=19 mono_us=351405256 wall=2026-08-28T00:39:58.890867Z pid=50220 event=APP_LIFECYCLE detail=hidden
seq=20 mono_us=351407256 wall=2026-08-28T00:39:58.892865Z pid=50220 event=APP_LIFECYCLE detail=paused
seq=21 mono_us=351409377 wall=2026-08-28T00:39:58.894987Z pid=50220 event=MEMORY_PRESSURE
seq=22 mono_us=351411722 wall=2026-08-28T00:39:58.897332Z pid=50220 event=APP_LIFECYCLE detail=detached
native=1 mono_us=351553043 wall=2026-08-28T00:39:58Z pid=50220 event=UIAPP_WILL_TERMINATE
native=1 mono_us=1 wall=2026-08-28T00:55:06Z pid=50336 event=UIAPP_DID_FINISH_LAUNCHING
native=1 mono_us=83256 wall=2026-08-28T00:55:06Z pid=50336 event=FLUTTER_ENGINE_INITIALIZED
seq=0 mono_us=0 wall=2026-08-28T00:55:06.413949Z pid=50336 event=PROCESS_BEGIN detail=phase=main
seq=1 mono_us=2105 wall=2026-08-28T00:55:06.416051Z pid=50336 event=DART_MAIN_ENTERED detail=state=ACT-V2
seq=2 mono_us=6952 wall=2026-08-28T00:55:06.420898Z pid=50336 event=INIT_STATE
seq=3 mono_us=16988 wall=2026-08-28T00:55:06.430933Z pid=50336 event=PID_READ
seq=4 mono_us=44334 wall=2026-08-28T00:55:06.458278Z pid=50336 event=FIRST_FRAME detail=state=ACT-V2
seq=5 mono_us=48105 wall=2026-08-28T00:55:06.462054Z pid=50336 event=POST_FRAME_HEARTBEAT detail=+0ms
seq=6 mono_us=148707 wall=2026-08-28T00:55:06.562645Z pid=50336 event=POST_FRAME_HEARTBEAT detail=+100ms
seq=7 mono_us=187307 wall=2026-08-28T00:55:06.601243Z pid=50336 event=APP_LIFECYCLE detail=resumed
seq=8 mono_us=298991 wall=2026-08-28T00:55:06.712920Z pid=50336 event=POST_FRAME_HEARTBEAT detail=+250ms
seq=9 mono_us=548562 wall=2026-08-28T00:55:06.962477Z pid=50336 event=POST_FRAME_HEARTBEAT detail=+500ms
seq=10 mono_us=1048695 wall=2026-08-28T00:55:07.462579Z pid=50336 event=POST_FRAME_HEARTBEAT detail=+1000ms
seq=11 mono_us=2048707 wall=2026-08-28T00:55:08.462531Z pid=50336 event=POST_FRAME_HEARTBEAT detail=+2000ms
seq=12 mono_us=5048477 wall=2026-08-28T00:55:11.462122Z pid=50336 event=POST_FRAME_HEARTBEAT detail=+5000ms
