Starting Fetching apps...
Done Fetching apps
Starting Fetching releases...
Done Fetching releases
Starting Fetching aab artifact...
Done Fetching aab artifact
Starting Fetching android_supplement artifact...
Done Fetching android_supplement artifact
Starting Downloading aab...
Downloading aab (0%)...
Downloading aab (3%)...
Downloading aab (11%)...
Downloading aab (17%)...
Downloading aab (27%)...
Downloading aab (35%)...
Downloading aab (43%)...
Downloading aab (51%)...
Downloading aab (59%)...
Downloading aab (67%)...
Downloading aab (75%)...
Downloading aab (83%)...
Downloading aab (89%)...
Downloading aab (93%)...
Downloading aab (97%)...
Done Downloading aab (100%)
Building Android patch with Flutter 3.44.8 (c15ef63794)

Flutter assets will be downloaded from http://localhost:8085. Make sure you trust this source!
Resolving dependencies...
Downloading packages...
  matcher 0.12.19 (0.12.20 available)
  material_color_utilities 0.13.0 (0.13.1 available)
  meta 1.18.0 (1.19.0 available)
  test_api 0.7.11 (0.7.13 available)
  vector_math 2.2.0 (2.4.2 available)
Got dependencies!
5 packages have newer versions incompatible with dependency constraints.
Try `flutter pub outdated` for more information.
Running Gradle task 'bundleBarRelease'...                       
Flutter assets will be downloaded from http://localhost:8085. Make sure you trust this source!
Font asset "MaterialIcons-Regular.otf" was tree-shaken, reducing it from 1645184 to 1096 bytes (99.9% reduction). Tree-shaking can be disabled by providing the --no-tree-shake-icons flag when building your app.
Running Gradle task 'bundleBarRelease'...                          61.1s
Shorebird build trace written to /data/shorebird-engine/flavorprobe/build/shorebird/debug/build-trace-android.json. View at https://ui.perfetto.dev
libapp.so.sym or libapp.so.dbg not present when checking final appbundle for debug symbols. Play Console will not receive Dart crash symbols for this build. To enable, remove `packaging.jniLibs.keepDebugSymbols.add("**/libapp.so")` from android/app/build.gradle.kts.
✓ Built build/app/outputs/bundle/barRelease/app-bar-release.aab (46.6MB)
Starting Verifying patch can be applied to release...
Done Verifying patch can be applied to release

5 file(s) changed that are neither assets, Dart, nor recognized native code.
Starting Fetching release artifacts...
Done Fetching release artifacts
Starting Downloading release artifact 1/3...
Downloading release artifact 1/3 (1%)...
Done Downloading release artifact 1/3 (100%)
Starting Downloading release artifact 2/3...
Downloading release artifact 2/3 (1%)...
Done Downloading release artifact 2/3 (100%)
Starting Downloading release artifact 3/3...
Downloading release artifact 3/3 (1%)...
Done Downloading release artifact 3/3 (100%)
Starting Creating patch artifacts...
Done Creating patch artifacts

🚀 Ready to publish a new patch!

📱 App: g42-flavored-android (cd447816-bccb-19e4-d653-38ba8fe2fc79)
🍧 Flavor: bar
📦 Release Version: 2.0.0+1
🕹️  Platform: Android [arm32 (7.44 KB), arm64 (7.38 KB), x86_64 (7.44 KB)]
🟢 Track: Stable

Starting Creating patch...
Done Creating patch
Starting Uploading Android artifacts...
Done Uploading Android artifacts
Starting Fetching channels...
Done Fetching channels
Starting Promoting patch to stable...
Done Promoting patch to stable

✅ Published Patch 2!
