Updating Flutter...
Cloning into '/r12src/bin/cache/flutter/a4a3c0d1b1b0f9975a61f446f0bfa2bbe587ce61'...
HEAD is now at a4a3c0d1b shorebird_yaml: carry channel: into the compiled bundle
Shorebird Engine • revision 69f9831c360d9152862ec3897c67fb09ae843f3b
Downloading Linux x64 Dart SDK from Flutter engine 69f9831c360d9152862ec3897c67fb09ae843f3b...
  % Total    % Received % Xferd  Average Speed   Time    Time     Time  Current
                                 Dload  Upload   Total   Spent    Left  Speed
  0     0    0     0    0     0      0      0 --:--:-- --:--:-- --:--:--     0 25  140M   25 36.0M    0     0  55.7M      0  0:00:02 --:--:--  0:00:02 56.0M 65  140M   65 92.0M    0     0  55.8M      0  0:00:02  0:00:01  0:00:01 55.9M100  140M  100  140M    0     0  56.7M      0  0:00:02  0:00:02 --:--:-- 56.8M
Building flutter tool...
Resolving dependencies...
Downloading packages...
Got dependencies.
Flutter assets will be downloaded from https://host.docker.internal:8087. Make sure you trust this source!
Flutter 3.46.0-1.0.pre-162 • channel [user-branch] • unknown source
Framework • revision a4a3c0d1b1 (4 days ago) • 2026-08-26 20:50:26 -0400
Engine • hash 5e595f186b0abfec3158a7c16b33d8dde8b53c11 (revision 69f9831c36) (1 months ago) • 2026-07-07 02:04:47.000Z
Tools • Dart 3.12.2 • DevTools 2.57.0
Building Shorebird...
Resolving dependencies in `/r12src`...
Downloading packages...
Got dependencies in `/r12src`.
Shorebird 1.6.115+selfhost.1 • git@github.com:shorebirdtech/shorebird.git
Flutter 3.44.8+selfhost.1 • revision a4a3c0d1b1b0f9975a61f446f0bfa2bbe587ce61
Engine • revision 69f9831c360d9152862ec3897c67fb09ae843f3b
