
== container cleanliness ==
   arm label                : B
   uname                    : Linux/x86_64
   HOME                     : /r12home
   flutter/dart/shorebird   : absent from PATH (as required)
   caches                   : none present
   CI detection vars        : none set

== control-plane loopback forwarder ==
   localhost:18081          : 200 (forwarded to the host control plane)

== gradle resource posture ==
   GRADLE_USER_HOME         : /r12home/.gradle
   org.gradle.jvmargs       : -Xmx3g (fixture asks 8G; VM cannot honour it)

== trusting the mirror CA ==
   CA installed             : system bundle + JDK cacerts
   mirror over TLS          : https://host.docker.internal:8087 -> 502 (CA validation enforced)

== bootstrap the OWNED toolchain ==
   repo                     : https://github.com/mml555/shorebird.git
   sha                      : ab7819532b418e5dae303ce8841eeba2204227b8
   checked out              : ab7819532b418e5dae303ce8841eeba2204227b8
   flutter.version (pinned) : a4a3c0d1b1b0f9975a61f446f0bfa2bbe587ce61
   flutter git url          : git://host.docker.internal:9418/flutter.git
   artifact CDN (flutter)   : https://host.docker.internal:8087
   artifact CDN (shorebird) : https://host.docker.internal:8087 / download.shorebird.dev

== first shorebird invocation (this is what performs the bootstrap) ==
   bootstrap OK
     | Tools • Dart 3.12.2 • DevTools 2.57.0
     | Building Shorebird...
     | Resolving dependencies in `/r12src`...
     | Downloading packages...
     | Got dependencies in `/r12src`.
     | Shorebird 1.6.115+selfhost.1 • git@github.com:shorebirdtech/shorebird.git
     | Flutter 3.44.8+selfhost.1 • revision a4a3c0d1b1b0f9975a61f446f0bfa2bbe587ce61
     | Engine • revision 69f9831c360d9152862ec3897c67fb09ae843f3b
   shorebird                : /r12src/bin/shorebird
     | Shorebird 1.6.115+selfhost.1 • git@github.com:shorebirdtech/shorebird.git
     | Flutter 3.44.8+selfhost.1 • revision a4a3c0d1b1b0f9975a61f446f0bfa2bbe587ce61
     | Engine • revision 69f9831c360d9152862ec3897c67fb09ae843f3b
   bootstrapped flutter sha : a4a3c0d1b1b0f9975a61f446f0bfa2bbe587ce61

== ephemeral Android release key ==
   keystore                 : /r12home/r12-ephemeral.jks (ephemeral, dies with the container)
   key.properties           : written, not echoed
   release version          : 1.1.2+1 (recorded adaptation)

== pre-arm control-plane state ==
   control plane            : http://localhost:18081
     | Starting Fetching releases...
     | Done Fetching releases
     | 12  1.0.0+1  android: active  3.44.8+selfhost.1
     | 13  0.9.1+1  android: active  3.44.8+selfhost.1
     | 14  1.1.0+1  android: active  3.44.8+selfhost.1

== frozen ci_noninteractive.sh ==
   cmd: ci_noninteractive.sh --app-dir /r12src/selfhost/fixtures/android_signing_app --out /r12out/harness
