pid=20555 tid=ThreadId(1) SAVE_END instance=1 queue_len=0 fingerprint=75c871b75aac4cd1 result=ok
pid=20555 tid=ThreadId(1) LOAD instance=2 queue_len=0 fingerprint=75c871b75aac4cd1
pid=20555 tid=ThreadId(1) LOAD instance=3 queue_len=0 fingerprint=75c871b75aac4cd1
pid=20555 tid=ThreadId(1) LOAD instance=4 queue_len=0 fingerprint=75c871b75aac4cd1
pid=20555 tid=ThreadId(2) LOAD instance=5 queue_len=0 fingerprint=75c871b75aac4cd1
pid=20555 tid=ThreadId(2) LOAD instance=6 queue_len=0 fingerprint=75c871b75aac4cd1
pid=20555 tid=ThreadId(2) LOAD instance=7 queue_len=0 fingerprint=75c871b75aac4cd1
pid=20555 tid=ThreadId(2) LOAD instance=8 queue_len=0 fingerprint=75c871b75aac4cd1
pid=20555 tid=ThreadId(2) LOAD instance=9 queue_len=0 fingerprint=75c871b75aac4cd1
pid=20555 tid=ThreadId(1) LOAD instance=10 queue_len=0 fingerprint=75c871b75aac4cd1
pid=20555 tid=ThreadId(2) LOAD instance=11 queue_len=0 fingerprint=75c871b75aac4cd1
pid=20555 tid=ThreadId(2) LOAD instance=12 queue_len=0 fingerprint=75c871b75aac4cd1
pid=23104 tid=ThreadId(1) LOAD instance=1 queue_len=0 fingerprint=75c871b75aac4cd1
pid=23104 tid=ThreadId(1) LOAD instance=2 queue_len=0 fingerprint=75c871b75aac4cd1
pid=23104 tid=ThreadId(1) LOAD instance=3 queue_len=0 fingerprint=75c871b75aac4cd1
pid=23104 tid=ThreadId(1) LOAD instance=4 queue_len=0 fingerprint=75c871b75aac4cd1
pid=23104 tid=ThreadId(2) LOAD instance=5 queue_len=0 fingerprint=75c871b75aac4cd1
pid=23104 tid=ThreadId(2) LOAD instance=6 queue_len=0 fingerprint=75c871b75aac4cd1
pid=23125 tid=ThreadId(1) LOAD instance=1 queue_len=0 fingerprint=75c871b75aac4cd1
pid=23125 tid=ThreadId(1) QUEUE_EVENT instance=1 event=PatchBootLifecycle/Some(AmbiguousBootRetry) queue_len=0->1 fingerprint=738fc1923ed9c488
pid=23125 tid=ThreadId(1) SAVE_BEGIN instance=1 queue_len=1 fingerprint=738fc1923ed9c488
pid=23125 tid=ThreadId(1) SAVE_END instance=1 queue_len=1 fingerprint=738fc1923ed9c488 result=ok
pid=23125 tid=ThreadId(1) LOAD instance=2 queue_len=1 fingerprint=738fc1923ed9c488
pid=23125 tid=ThreadId(1) LOAD instance=3 queue_len=1 fingerprint=738fc1923ed9c488
pid=23125 tid=ThreadId(1) LOAD instance=4 queue_len=1 fingerprint=738fc1923ed9c488
pid=23125 tid=ThreadId(2) LOAD instance=5 queue_len=1 fingerprint=738fc1923ed9c488
pid=23125 tid=ThreadId(2) LOAD instance=6 queue_len=1 fingerprint=738fc1923ed9c488
pid=23125 tid=ThreadId(2) ACK_EVENT instance=6 event=PatchBootLifecycle/Some(AmbiguousBootRetry) removed=true queue_len=1->0
pid=23125 tid=ThreadId(2) SAVE_BEGIN instance=6 queue_len=0 fingerprint=75c871b75aac4cd1
pid=23125 tid=ThreadId(2) SAVE_END instance=6 queue_len=0 fingerprint=75c871b75aac4cd1 result=ok
pid=23125 tid=ThreadId(1) LOAD instance=7 queue_len=0 fingerprint=75c871b75aac4cd1
pid=23125 tid=ThreadId(1) QUEUE_EVENT instance=7 event=PatchBootLifecycle/Some(RecoveredAfterAmbiguity) queue_len=0->1 fingerprint=6566c6061bf7dca6
pid=23125 tid=ThreadId(1) SAVE_BEGIN instance=7 queue_len=1 fingerprint=6566c6061bf7dca6
pid=23125 tid=ThreadId(1) SAVE_END instance=7 queue_len=1 fingerprint=6566c6061bf7dca6 result=ok
pid=23125 tid=ThreadId(2) LOAD instance=8 queue_len=1 fingerprint=6566c6061bf7dca6
pid=23125 tid=ThreadId(2) LOAD instance=9 queue_len=1 fingerprint=6566c6061bf7dca6
