
== preflight ==
   app dir                  : /r12src/selfhost/fixtures/android_signing_app
   stdout is a TTY          : no
   stdin  is a TTY          : no (bash isatty) / YES to the CLI -- stdin is a
                              CHARACTER DEVICE, which Dart reports as
                              StdioType.terminal. canAcceptUserInput is TRUE.
                              Attribute refusals to stdout, not to stdin.
   CI detection vars        : none set
   SHOREBIRD_TOKEN          : set (71 chars, not echoed)
   control plane            : http://localhost:18081 -> 200
   shorebird                : /r12src/bin/shorebird

== self-test A — preview, NO --json (TTY predicate only) ==
   cmd: (cd /r12out/harness/detector_selftest_app && shorebird preview)
   exit: 64  log: /r12out/harness/detector_selftest.log
   exit: 64 (expected 64)   'non-interactive context' lines: 1 (expected >=1)

== self-test B — preview, WITH --json (arm 2's exact grep) ==
   cmd: (cd /r12out/harness/detector_selftest_app && shorebird --json preview)
   exit: 64  log: /r12out/harness/detector_selftest_json.log
   exit: 64 (expected 64)   interactive_prompt_required: 1 (expected >=1)
   host                     : Linux
   release version          : 1.0.0+1

== arm 1 — release, NO --json ==
   cmd: (cd /r12src/selfhost/fixtures/android_signing_app && shorebird release android --no-confirm)
   exit: 70  log: /r12out/harness/ci_run_notty.log
   arm 1 release FAILED (exit 70)

== arm 2 — patch, WITH --json ==
   cmd: (cd /r12src/selfhost/fixtures/android_signing_app && shorebird --json patch android --no-confirm --release-version 1.0.0+1)
   exit: 0  log: /r12out/harness/ci_run_json.log
   interactive_prompt_required in arm 2: 0 (expected 0)

== arm 3 — patch, NO --release-version (the release chooser) ==
   cmd: (cd /r12src/selfhost/fixtures/android_signing_app && timeout 600 shorebird patch android --no-confirm)
   exit: 64  log: /r12out/harness/ci_run_chooser.log
   arm 3 refused the CHOOSER by name (exit 64) — outcome 11, the good failure

== verdict ==
   FAIL — 1 check(s) failed. Logs in /r12out/harness
