
== preflight ==
   app dir                  : /data/shorebird-engine/rbtest
   stdout is a TTY          : no
   stdin  is a TTY          : no
   CI detection vars        : none set
   SHOREBIRD_TOKEN          : set (71 chars, not echoed)
   control plane            : http://localhost:18081 -> 200
   shorebird                : /data/shorebird-engine/cli-under-test/bin/shorebird

== self-test A — preview, NO --json (TTY predicate only) ==
   cmd: (cd /data/shorebird-engine/g102-run/out/detector_selftest_app && shorebird preview)
   exit: 64  log: /data/shorebird-engine/g102-run/out/detector_selftest.log
   exit: 64 (expected 64)   'non-interactive context' lines: 1 (expected >=1)

== self-test B — preview, WITH --json (arm 2's exact grep) ==
   cmd: (cd /data/shorebird-engine/g102-run/out/detector_selftest_app && shorebird --json preview)
   exit: 64  log: /data/shorebird-engine/g102-run/out/detector_selftest_json.log
   exit: 64 (expected 64)   interactive_prompt_required: 1 (expected >=1)
   host                     : Linux
   release version          : 1.7.0+1

== arm 1 — release, NO --json ==
   cmd: (cd /data/shorebird-engine/rbtest && shorebird release android --no-confirm)
   exit: 0  log: /data/shorebird-engine/g102-run/out/ci_run_notty.log

== arm 1 — patch, NO --json ==
   cmd: (cd /data/shorebird-engine/rbtest && shorebird patch android --no-confirm --release-version 1.7.0+1)
   exit: 0  log: /data/shorebird-engine/g102-run/out/ci_run_notty.log.patch

== arm 2 — patch, WITH --json ==
   cmd: (cd /data/shorebird-engine/rbtest && shorebird --json patch android --no-confirm --release-version 1.7.0+1)
   exit: 0  log: /data/shorebird-engine/g102-run/out/ci_run_json.log
   interactive_prompt_required in arm 2: 0 (expected 0)

== verdict ==
   PASS — the detector self-test fired (so a prompt WOULD have been seen),
   and both arms completed with no TTY against http://localhost:18081.
   
   PARITY.md:2375 names exactly this arm as what its row requires; :2376 is
   its patch twin. A green run here is the evidence for them — it is NOT
   self-certifying. PROVEN means the real product workflow completed and the
   observable result was verified (PARITY.md:3582-3583); a script printing
   PASS is not that verification. Record the logs and let the row be moved
   by whoever reads them.
HARNESS_EXIT=0
