=== started 2026-09-04T03:45:39Z ===
--- engine revision before: dfa2b24ac38477f3705ff0357530f33fe09474b8 ---
[0:00:00] Started.
_____ engine/src/flutter/third_party/boringssl/src at b0ae229f686f2be70689584d1e1c6a727a2cdfab
[0:00:00] Finished running: git rev-list -n 1 HEAD
[0:00:00] Finished running: git rev-parse --abbrev-ref=strict HEAD
[0:23:02] Up-to-date; skipping checkout.
Checked out revision b0ae229f686f2be70689584d1e1c6a727a2cdfab
[0:23:02] Finished.
----------------------------------------

engine/src/flutter/third_party/libcxx (Elapsed: 0:22:20)
----------------------------------------
[0:02:43] Started.
_____ engine/src/flutter/third_party/libcxx at bd557f6f764d1e40b62528a13b124ce740624f8f
[0:02:43] Finished running: git rev-list -n 1 HEAD
[0:02:43] Finished running: git rev-parse --abbrev-ref=strict HEAD
[0:25:04] Up-to-date; skipping checkout.
Checked out revision bd557f6f764d1e40b62528a13b124ce740624f8f
[0:25:04] Finished.
----------------------------------------

engine/src/flutter/third_party/skia (Elapsed: 0:14:14)
----------------------------------------
[0:13:32] Started.
_____ engine/src/flutter/third_party/skia at e9ed4fc9f1544c58d8a9347c1fc9471d8dd7c465
[0:13:32] Finished running: git rev-list -n 1 HEAD
[0:13:32] Finished running: git rev-parse --abbrev-ref=strict HEAD
[0:27:47] Up-to-date; skipping checkout.
Checked out revision e9ed4fc9f1544c58d8a9347c1fc9471d8dd7c465
[0:27:47] Finished.
----------------------------------------
[0:32:47] STALL DETECTED: gclient has been silent for 5 minutes.
[0:32:47] Currently active tasks:
[0:32:47]    engine/src/flutter/third_party/dart (Running for 0:32:46)
[0:32:47]    engine/src/flutter/third_party/swiftshader (Running for 0:18:34)
[0:32:47] Suggestions:
[0:32:47] 1. Authentication: Check for background prompts.
[0:32:47] 2. Network: Check your internet connection and proxies.
[0:32:47] 3. Locks: Check for other git processes holding a lock.
[0:32:47] 4. Verbose: Run gclient with --verbose to see more output.

engine/src/flutter/third_party/swiftshader (Elapsed: 0:21:46)
----------------------------------------
[0:14:12] Started.
_____ engine/src/flutter/third_party/swiftshader at 794b0cfce1d828d187637e6d932bae484fbe0976
[0:14:12] Finished running: git rev-list -n 1 HEAD
[0:14:12] Finished running: git rev-parse --abbrev-ref=strict HEAD
[0:35:59] Up-to-date; skipping checkout.
Checked out revision 794b0cfce1d828d187637e6d932bae484fbe0976
[0:35:59] Finished.
----------------------------------------

engine/src/flutter/third_party/dart (ERROR)
----------------------------------------
[0:00:00] Started.
_____ engine/src/flutter/third_party/dart at 6b58bb3a72e293e27ff920a61c007bf2e405071e
[0:00:00] Finished running: git rev-list -n 1 HEAD
[0:00:00] Finished running: git rev-parse --abbrev-ref=strict HEAD
[0:37:09] Finished running: git -c core.quotePath=false diff --name-only 6b58bb3a72e293e27ff920a61c007bf2e405071e
[0:37:09] Attempting rebase onto 6b58bb3a72e293e27ff920a61c007bf2e405071e...
[0:37:09] 
[0:37:09] Rebase produced error output:
error: cannot rebase: You have unstaged changes.
error: Please commit or stash them.
----------------------------------------
Error: 16> Unrecognized error, please merge or rebase manually.
16> cd /Volumes/build/route-b/acs2/flutter/engine/src/flutter/third_party/dart && git rebase --verbose 6b58bb3a72e293e27ff920a61c007bf2e405071e

engine/src/flutter/third_party/dart
----------------------------------------
[0:00:00] Started.
_____ engine/src/flutter/third_party/dart at 6b58bb3a72e293e27ff920a61c007bf2e405071e
[0:00:00] Finished running: git rev-list -n 1 HEAD
[0:00:00] Finished running: git rev-parse --abbrev-ref=strict HEAD
[0:37:09] Finished running: git -c core.quotePath=false diff --name-only 6b58bb3a72e293e27ff920a61c007bf2e405071e
[0:37:09] Attempting rebase onto 6b58bb3a72e293e27ff920a61c007bf2e405071e...
[0:37:09] 
[0:37:09] Rebase produced error output:
error: cannot rebase: You have unstaged changes.
error: Please commit or stash them.
----------------------------------------
=== gclient exit=1 ===
--- engine revision after:  dfa2b24ac38477f3705ff0357530f33fe09474b8 ---
--- android deps present? ---
  engine/src/flutter/third_party/android_tools                     PRESENT
  engine/src/flutter/third_party/android_embedding_dependencies    PRESENT
google-java-format
sdk
trace_to_text
=== done 2026-09-04T04:23:09Z ===
