native=1 mono_us=1 wall=2026-08-28T00:19:16Z pid=50102 event=UIAPP_DID_FINISH_LAUNCHING
native=1 mono_us=152381 wall=2026-08-28T00:19:17Z pid=50102 event=FLUTTER_ENGINE_INITIALIZED
seq=0 mono_us=0 wall=2026-08-28T00:19:17.165030Z pid=50102 event=PROCESS_BEGIN detail=phase=main
seq=1 mono_us=7546 wall=2026-08-28T00:19:17.172571Z pid=50102 event=DART_MAIN_ENTERED detail=state=ACT-V1
seq=2 mono_us=23802 wall=2026-08-28T00:19:17.188827Z pid=50102 event=INIT_STATE
seq=3 mono_us=25059 wall=2026-08-28T00:19:17.190084Z pid=50102 event=PID_READ
seq=4 mono_us=55203 wall=2026-08-28T00:19:17.220228Z pid=50102 event=FIRST_FRAME detail=state=ACT-V1
seq=5 mono_us=61111 wall=2026-08-28T00:19:17.226136Z pid=50102 event=POST_FRAME_HEARTBEAT detail=+0ms
seq=6 mono_us=195244 wall=2026-08-28T00:19:17.360270Z pid=50102 event=POST_FRAME_HEARTBEAT detail=+100ms
seq=7 mono_us=231386 wall=2026-08-28T00:19:17.396412Z pid=50102 event=APP_LIFECYCLE detail=inactive
seq=8 mono_us=331208 wall=2026-08-28T00:19:17.496235Z pid=50102 event=POST_FRAME_HEARTBEAT detail=+250ms
seq=9 mono_us=590331 wall=2026-08-28T00:19:17.755359Z pid=50102 event=POST_FRAME_HEARTBEAT detail=+500ms
seq=10 mono_us=1059823 wall=2026-08-28T00:19:18.224855Z pid=50102 event=POST_FRAME_HEARTBEAT detail=+1000ms
seq=11 mono_us=1778676 wall=2026-08-28T00:19:18.943712Z pid=50102 event=APP_LIFECYCLE detail=resumed
seq=12 mono_us=2060413 wall=2026-08-28T00:19:19.225453Z pid=50102 event=POST_FRAME_HEARTBEAT detail=+2000ms
seq=13 mono_us=5060234 wall=2026-08-28T00:19:22.225292Z pid=50102 event=POST_FRAME_HEARTBEAT detail=+5000ms
seq=14 mono_us=116747839 wall=2026-08-28T00:21:13.913571Z pid=50102 event=APP_LIFECYCLE detail=inactive
seq=15 mono_us=117361834 wall=2026-08-28T00:21:14.527567Z pid=50102 event=MEMORY_PRESSURE
seq=16 mono_us=117392975 wall=2026-08-28T00:21:14.558707Z pid=50102 event=APP_LIFECYCLE detail=hidden
seq=17 mono_us=117394447 wall=2026-08-28T00:21:14.560179Z pid=50102 event=APP_LIFECYCLE detail=paused
seq=18 mono_us=117406829 wall=2026-08-28T00:21:14.572562Z pid=50102 event=APP_LIFECYCLE detail=hidden
seq=19 mono_us=117408442 wall=2026-08-28T00:21:14.574174Z pid=50102 event=APP_LIFECYCLE detail=inactive
seq=20 mono_us=117445268 wall=2026-08-28T00:21:14.611001Z pid=50102 event=APP_LIFECYCLE detail=hidden
seq=21 mono_us=117447184 wall=2026-08-28T00:21:14.612917Z pid=50102 event=APP_LIFECYCLE detail=paused
seq=22 mono_us=117449129 wall=2026-08-28T00:21:14.614862Z pid=50102 event=MEMORY_PRESSURE
seq=23 mono_us=117451365 wall=2026-08-28T00:21:14.617098Z pid=50102 event=APP_LIFECYCLE detail=detached
native=1 mono_us=117687135 wall=2026-08-28T00:21:14Z pid=50102 event=UIAPP_WILL_TERMINATE
native=1 mono_us=1 wall=2026-08-28T00:27:54Z pid=50167 event=UIAPP_DID_FINISH_LAUNCHING
native=1 mono_us=60741 wall=2026-08-28T00:27:54Z pid=50167 event=FLUTTER_ENGINE_INITIALIZED
seq=0 mono_us=0 wall=2026-08-28T00:27:55.026090Z pid=50167 event=PROCESS_BEGIN detail=phase=main
seq=1 mono_us=3998 wall=2026-08-28T00:27:55.030085Z pid=50167 event=DART_MAIN_ENTERED detail=state=ACT-V1
seq=2 mono_us=22737 wall=2026-08-28T00:27:55.048825Z pid=50167 event=INIT_STATE
seq=3 mono_us=24487 wall=2026-08-28T00:27:55.050575Z pid=50167 event=PID_READ
seq=4 mono_us=44359 wall=2026-08-28T00:27:55.070447Z pid=50167 event=FIRST_FRAME detail=state=ACT-V1
seq=5 mono_us=48823 wall=2026-08-28T00:27:55.074912Z pid=50167 event=POST_FRAME_HEARTBEAT detail=+0ms
seq=6 mono_us=146946 wall=2026-08-28T00:27:55.173038Z pid=50167 event=POST_FRAME_HEARTBEAT detail=+100ms
seq=7 mono_us=166838 wall=2026-08-28T00:27:55.192932Z pid=50167 event=APP_LIFECYCLE detail=resumed
seq=8 mono_us=297774 wall=2026-08-28T00:27:55.323872Z pid=50167 event=POST_FRAME_HEARTBEAT detail=+250ms
seq=9 mono_us=547387 wall=2026-08-28T00:27:55.573494Z pid=50167 event=POST_FRAME_HEARTBEAT detail=+500ms
seq=10 mono_us=1047753 wall=2026-08-28T00:27:56.073881Z pid=50167 event=POST_FRAME_HEARTBEAT detail=+1000ms
seq=11 mono_us=2047555 wall=2026-08-28T00:27:57.073720Z pid=50167 event=POST_FRAME_HEARTBEAT detail=+2000ms
seq=12 mono_us=5047790 wall=2026-08-28T00:28:00.074047Z pid=50167 event=POST_FRAME_HEARTBEAT detail=+5000ms
seq=13 mono_us=23445783 wall=2026-08-28T00:28:18.472391Z pid=50167 event=APP_LIFECYCLE detail=inactive
seq=14 mono_us=24738192 wall=2026-08-28T00:28:19.764813Z pid=50167 event=MEMORY_PRESSURE
seq=15 mono_us=24753069 wall=2026-08-28T00:28:19.779690Z pid=50167 event=APP_LIFECYCLE detail=hidden
seq=16 mono_us=24754441 wall=2026-08-28T00:28:19.781063Z pid=50167 event=APP_LIFECYCLE detail=paused
seq=17 mono_us=24765776 wall=2026-08-28T00:28:19.792398Z pid=50167 event=APP_LIFECYCLE detail=hidden
seq=18 mono_us=24767393 wall=2026-08-28T00:28:19.794014Z pid=50167 event=APP_LIFECYCLE detail=inactive
seq=19 mono_us=24814034 wall=2026-08-28T00:28:19.840656Z pid=50167 event=APP_LIFECYCLE detail=hidden
seq=20 mono_us=24815802 wall=2026-08-28T00:28:19.842424Z pid=50167 event=APP_LIFECYCLE detail=paused
seq=21 mono_us=24817940 wall=2026-08-28T00:28:19.844562Z pid=50167 event=MEMORY_PRESSURE
seq=22 mono_us=24820721 wall=2026-08-28T00:28:19.847343Z pid=50167 event=APP_LIFECYCLE detail=detached
native=1 mono_us=24960183 wall=2026-08-28T00:28:19Z pid=50167 event=UIAPP_WILL_TERMINATE
native=1 mono_us=1 wall=2026-08-28T00:28:20Z pid=50172 event=UIAPP_DID_FINISH_LAUNCHING
native=1 mono_us=62205 wall=2026-08-28T00:28:20Z pid=50172 event=FLUTTER_ENGINE_INITIALIZED
seq=0 mono_us=0 wall=2026-08-28T00:28:20.557940Z pid=50172 event=PROCESS_BEGIN detail=phase=main
seq=1 mono_us=1914 wall=2026-08-28T00:28:20.559851Z pid=50172 event=DART_MAIN_ENTERED detail=state=ACT-V2
seq=2 mono_us=14264 wall=2026-08-28T00:28:20.572202Z pid=50172 event=INIT_STATE
seq=3 mono_us=16429 wall=2026-08-28T00:28:20.574366Z pid=50172 event=PID_READ
seq=4 mono_us=37411 wall=2026-08-28T00:28:20.595350Z pid=50172 event=FIRST_FRAME detail=state=ACT-V2
seq=5 mono_us=42515 wall=2026-08-28T00:28:20.600455Z pid=50172 event=POST_FRAME_HEARTBEAT detail=+0ms
seq=6 mono_us=141755 wall=2026-08-28T00:28:20.699695Z pid=50172 event=POST_FRAME_HEARTBEAT detail=+100ms
seq=7 mono_us=152642 wall=2026-08-28T00:28:20.710583Z pid=50172 event=APP_LIFECYCLE detail=resumed
seq=8 mono_us=291903 wall=2026-08-28T00:28:20.849845Z pid=50172 event=POST_FRAME_HEARTBEAT detail=+250ms
seq=9 mono_us=541639 wall=2026-08-28T00:28:21.099583Z pid=50172 event=POST_FRAME_HEARTBEAT detail=+500ms
seq=10 mono_us=1043113 wall=2026-08-28T00:28:21.601066Z pid=50172 event=POST_FRAME_HEARTBEAT detail=+1000ms
seq=11 mono_us=2042620 wall=2026-08-28T00:28:22.600587Z pid=50172 event=POST_FRAME_HEARTBEAT detail=+2000ms
seq=12 mono_us=5042811 wall=2026-08-28T00:28:25.600811Z pid=50172 event=POST_FRAME_HEARTBEAT detail=+5000ms
seq=13 mono_us=65321373 wall=2026-08-28T00:29:25.879797Z pid=50172 event=APP_LIFECYCLE detail=inactive
seq=14 mono_us=66055438 wall=2026-08-28T00:29:26.613865Z pid=50172 event=MEMORY_PRESSURE
seq=15 mono_us=66071665 wall=2026-08-28T00:29:26.630091Z pid=50172 event=APP_LIFECYCLE detail=hidden
seq=16 mono_us=66073683 wall=2026-08-28T00:29:26.632109Z pid=50172 event=APP_LIFECYCLE detail=paused
seq=17 mono_us=66084331 wall=2026-08-28T00:29:26.642758Z pid=50172 event=APP_LIFECYCLE detail=hidden
seq=18 mono_us=66085688 wall=2026-08-28T00:29:26.644115Z pid=50172 event=APP_LIFECYCLE detail=inactive
seq=19 mono_us=66138417 wall=2026-08-28T00:29:26.696844Z pid=50172 event=APP_LIFECYCLE detail=hidden
seq=20 mono_us=66140099 wall=2026-08-28T00:29:26.698526Z pid=50172 event=APP_LIFECYCLE detail=paused
seq=21 mono_us=66142284 wall=2026-08-28T00:29:26.700712Z pid=50172 event=MEMORY_PRESSURE
seq=22 mono_us=66144723 wall=2026-08-28T00:29:26.703149Z pid=50172 event=APP_LIFECYCLE detail=detached
native=1 mono_us=66270509 wall=2026-08-28T00:29:26Z pid=50172 event=UIAPP_WILL_TERMINATE
native=1 mono_us=1 wall=2026-08-28T00:34:07Z pid=50220 event=UIAPP_DID_FINISH_LAUNCHING
native=1 mono_us=60323 wall=2026-08-28T00:34:07Z pid=50220 event=FLUTTER_ENGINE_INITIALIZED
seq=0 mono_us=0 wall=2026-08-28T00:34:07.476141Z pid=50220 event=PROCESS_BEGIN detail=phase=main
seq=1 mono_us=2094 wall=2026-08-28T00:34:07.478232Z pid=50220 event=DART_MAIN_ENTERED detail=state=ACT-V2
seq=2 mono_us=7355 wall=2026-08-28T00:34:07.483493Z pid=50220 event=INIT_STATE
seq=3 mono_us=10380 wall=2026-08-28T00:34:07.486518Z pid=50220 event=PID_READ
seq=4 mono_us=36898 wall=2026-08-28T00:34:07.513037Z pid=50220 event=FIRST_FRAME detail=state=ACT-V2
seq=5 mono_us=39644 wall=2026-08-28T00:34:07.515783Z pid=50220 event=POST_FRAME_HEARTBEAT detail=+0ms
seq=6 mono_us=140247 wall=2026-08-28T00:34:07.616386Z pid=50220 event=POST_FRAME_HEARTBEAT detail=+100ms
seq=7 mono_us=174037 wall=2026-08-28T00:34:07.650177Z pid=50220 event=APP_LIFECYCLE detail=resumed
seq=8 mono_us=290371 wall=2026-08-28T00:34:07.766511Z pid=50220 event=POST_FRAME_HEARTBEAT detail=+250ms
seq=9 mono_us=539844 wall=2026-08-28T00:34:08.015986Z pid=50220 event=POST_FRAME_HEARTBEAT detail=+500ms
seq=10 mono_us=1040092 wall=2026-08-28T00:34:08.516239Z pid=50220 event=POST_FRAME_HEARTBEAT detail=+1000ms
seq=11 mono_us=2040577 wall=2026-08-28T00:34:09.516731Z pid=50220 event=POST_FRAME_HEARTBEAT detail=+2000ms
seq=12 mono_us=5040110 wall=2026-08-28T00:34:12.516284Z pid=50220 event=POST_FRAME_HEARTBEAT detail=+5000ms
seq=13 mono_us=350485546 wall=2026-08-28T00:39:57.971151Z pid=50220 event=APP_LIFECYCLE detail=inactive
seq=14 mono_us=351276803 wall=2026-08-28T00:39:58.762412Z pid=50220 event=MEMORY_PRESSURE
seq=15 mono_us=351381865 wall=2026-08-28T00:39:58.867476Z pid=50220 event=APP_LIFECYCLE detail=hidden
seq=16 mono_us=351384523 wall=2026-08-28T00:39:58.870133Z pid=50220 event=APP_LIFECYCLE detail=paused
seq=17 mono_us=351400402 wall=2026-08-28T00:39:58.886012Z pid=50220 event=APP_LIFECYCLE detail=hidden
seq=18 mono_us=351402290 wall=2026-08-28T00:39:58.887901Z pid=50220 event=APP_LIFECYCLE detail=inactive
seq=19 mono_us=351405256 wall=2026-08-28T00:39:58.890867Z pid=50220 event=APP_LIFECYCLE detail=hidden
seq=20 mono_us=351407256 wall=2026-08-28T00:39:58.892865Z pid=50220 event=APP_LIFECYCLE detail=paused
seq=21 mono_us=351409377 wall=2026-08-28T00:39:58.894987Z pid=50220 event=MEMORY_PRESSURE
seq=22 mono_us=351411722 wall=2026-08-28T00:39:58.897332Z pid=50220 event=APP_LIFECYCLE detail=detached
native=1 mono_us=351553043 wall=2026-08-28T00:39:58Z pid=50220 event=UIAPP_WILL_TERMINATE
native=1 mono_us=1 wall=2026-08-28T00:55:06Z pid=50336 event=UIAPP_DID_FINISH_LAUNCHING
native=1 mono_us=83256 wall=2026-08-28T00:55:06Z pid=50336 event=FLUTTER_ENGINE_INITIALIZED
seq=0 mono_us=0 wall=2026-08-28T00:55:06.413949Z pid=50336 event=PROCESS_BEGIN detail=phase=main
seq=1 mono_us=2105 wall=2026-08-28T00:55:06.416051Z pid=50336 event=DART_MAIN_ENTERED detail=state=ACT-V2
seq=2 mono_us=6952 wall=2026-08-28T00:55:06.420898Z pid=50336 event=INIT_STATE
seq=3 mono_us=16988 wall=2026-08-28T00:55:06.430933Z pid=50336 event=PID_READ
seq=4 mono_us=44334 wall=2026-08-28T00:55:06.458278Z pid=50336 event=FIRST_FRAME detail=state=ACT-V2
seq=5 mono_us=48105 wall=2026-08-28T00:55:06.462054Z pid=50336 event=POST_FRAME_HEARTBEAT detail=+0ms
seq=6 mono_us=148707 wall=2026-08-28T00:55:06.562645Z pid=50336 event=POST_FRAME_HEARTBEAT detail=+100ms
seq=7 mono_us=187307 wall=2026-08-28T00:55:06.601243Z pid=50336 event=APP_LIFECYCLE detail=resumed
seq=8 mono_us=298991 wall=2026-08-28T00:55:06.712920Z pid=50336 event=POST_FRAME_HEARTBEAT detail=+250ms
seq=9 mono_us=548562 wall=2026-08-28T00:55:06.962477Z pid=50336 event=POST_FRAME_HEARTBEAT detail=+500ms
seq=10 mono_us=1048695 wall=2026-08-28T00:55:07.462579Z pid=50336 event=POST_FRAME_HEARTBEAT detail=+1000ms
seq=11 mono_us=2048707 wall=2026-08-28T00:55:08.462531Z pid=50336 event=POST_FRAME_HEARTBEAT detail=+2000ms
seq=12 mono_us=5048477 wall=2026-08-28T00:55:11.462122Z pid=50336 event=POST_FRAME_HEARTBEAT detail=+5000ms
seq=13 mono_us=154781696 wall=2026-08-28T00:57:41.186360Z pid=50336 event=APP_LIFECYCLE detail=inactive
seq=14 mono_us=155553212 wall=2026-08-28T00:57:41.957826Z pid=50336 event=MEMORY_PRESSURE
seq=15 mono_us=155568625 wall=2026-08-28T00:57:41.973239Z pid=50336 event=APP_LIFECYCLE detail=hidden
seq=16 mono_us=155570836 wall=2026-08-28T00:57:41.975449Z pid=50336 event=APP_LIFECYCLE detail=paused
seq=17 mono_us=155581157 wall=2026-08-28T00:57:41.985769Z pid=50336 event=APP_LIFECYCLE detail=hidden
seq=18 mono_us=155581998 wall=2026-08-28T00:57:41.986610Z pid=50336 event=APP_LIFECYCLE detail=inactive
seq=19 mono_us=155628248 wall=2026-08-28T00:57:42.032858Z pid=50336 event=APP_LIFECYCLE detail=hidden
seq=20 mono_us=155630201 wall=2026-08-28T00:57:42.034810Z pid=50336 event=APP_LIFECYCLE detail=paused
seq=21 mono_us=155632366 wall=2026-08-28T00:57:42.036975Z pid=50336 event=MEMORY_PRESSURE
seq=22 mono_us=155634885 wall=2026-08-28T00:57:42.039494Z pid=50336 event=APP_LIFECYCLE detail=detached
native=1 mono_us=155810369 wall=2026-08-28T00:57:42Z pid=50336 event=UIAPP_WILL_TERMINATE
native=1 mono_us=1 wall=2026-08-28T01:01:39Z pid=50425 event=UIAPP_DID_FINISH_LAUNCHING
native=1 mono_us=70754 wall=2026-08-28T01:01:39Z pid=50425 event=FLUTTER_ENGINE_INITIALIZED
seq=0 mono_us=0 wall=2026-08-28T01:01:39.428295Z pid=50425 event=PROCESS_BEGIN detail=phase=main
seq=1 mono_us=2864 wall=2026-08-28T01:01:39.431156Z pid=50425 event=DART_MAIN_ENTERED detail=state=ACT-V2
seq=2 mono_us=8505 wall=2026-08-28T01:01:39.436798Z pid=50425 event=INIT_STATE
seq=3 mono_us=10125 wall=2026-08-28T01:01:39.438417Z pid=50425 event=PID_READ
seq=4 mono_us=34085 wall=2026-08-28T01:01:39.462376Z pid=50425 event=FIRST_FRAME detail=state=ACT-V2
seq=5 mono_us=36349 wall=2026-08-28T01:01:39.464639Z pid=50425 event=POST_FRAME_HEARTBEAT detail=+0ms
seq=6 mono_us=137528 wall=2026-08-28T01:01:39.565813Z pid=50425 event=POST_FRAME_HEARTBEAT detail=+100ms
seq=7 mono_us=165128 wall=2026-08-28T01:01:39.593411Z pid=50425 event=APP_LIFECYCLE detail=resumed
seq=8 mono_us=287099 wall=2026-08-28T01:01:39.715375Z pid=50425 event=POST_FRAME_HEARTBEAT detail=+250ms
seq=9 mono_us=537176 wall=2026-08-28T01:01:39.965436Z pid=50425 event=POST_FRAME_HEARTBEAT detail=+500ms
seq=10 mono_us=1037294 wall=2026-08-28T01:01:40.465526Z pid=50425 event=POST_FRAME_HEARTBEAT detail=+1000ms
seq=11 mono_us=2037356 wall=2026-08-28T01:01:41.465528Z pid=50425 event=POST_FRAME_HEARTBEAT detail=+2000ms
seq=12 mono_us=5037660 wall=2026-08-28T01:01:44.465654Z pid=50425 event=POST_FRAME_HEARTBEAT detail=+5000ms
seq=13 mono_us=53573231 wall=2026-08-28T01:02:32.998313Z pid=50425 event=APP_LIFECYCLE detail=inactive
seq=14 mono_us=54187631 wall=2026-08-28T01:02:33.612680Z pid=50425 event=MEMORY_PRESSURE
seq=15 mono_us=54206498 wall=2026-08-28T01:02:33.631541Z pid=50425 event=APP_LIFECYCLE detail=hidden
seq=16 mono_us=54207821 wall=2026-08-28T01:02:33.632864Z pid=50425 event=APP_LIFECYCLE detail=paused
seq=17 mono_us=54219365 wall=2026-08-28T01:02:33.644407Z pid=50425 event=APP_LIFECYCLE detail=hidden
seq=18 mono_us=54220857 wall=2026-08-28T01:02:33.645898Z pid=50425 event=APP_LIFECYCLE detail=inactive
seq=19 mono_us=54226916 wall=2026-08-28T01:02:33.651957Z pid=50425 event=APP_LIFECYCLE detail=hidden
seq=20 mono_us=54227670 wall=2026-08-28T01:02:33.652712Z pid=50425 event=APP_LIFECYCLE detail=paused
seq=21 mono_us=54230037 wall=2026-08-28T01:02:33.655078Z pid=50425 event=MEMORY_PRESSURE
seq=22 mono_us=54232284 wall=2026-08-28T01:02:33.657325Z pid=50425 event=APP_LIFECYCLE detail=detached
native=1 mono_us=54400705 wall=2026-08-28T01:02:33Z pid=50425 event=UIAPP_WILL_TERMINATE
native=1 mono_us=0 wall=2026-08-28T01:04:31Z pid=50450 event=UIAPP_DID_FINISH_LAUNCHING
native=1 mono_us=65572 wall=2026-08-28T01:04:31Z pid=50450 event=FLUTTER_ENGINE_INITIALIZED
seq=0 mono_us=0 wall=2026-08-28T01:04:31.192134Z pid=50450 event=PROCESS_BEGIN detail=phase=main
seq=1 mono_us=2247 wall=2026-08-28T01:04:31.194377Z pid=50450 event=DART_MAIN_ENTERED detail=state=ACT-V3
seq=2 mono_us=19599 wall=2026-08-28T01:04:31.211729Z pid=50450 event=INIT_STATE
seq=3 mono_us=21211 wall=2026-08-28T01:04:31.213340Z pid=50450 event=PID_READ
seq=4 mono_us=42066 wall=2026-08-28T01:04:31.234194Z pid=50450 event=FIRST_FRAME detail=state=ACT-V3
seq=5 mono_us=45245 wall=2026-08-28T01:04:31.237374Z pid=50450 event=POST_FRAME_HEARTBEAT detail=+0ms
seq=6 mono_us=145987 wall=2026-08-28T01:04:31.338109Z pid=50450 event=POST_FRAME_HEARTBEAT detail=+100ms
seq=7 mono_us=171058 wall=2026-08-28T01:04:31.363180Z pid=50450 event=APP_LIFECYCLE detail=resumed
seq=8 mono_us=296205 wall=2026-08-28T01:04:31.488318Z pid=50450 event=POST_FRAME_HEARTBEAT detail=+250ms
seq=9 mono_us=545482 wall=2026-08-28T01:04:31.737581Z pid=50450 event=POST_FRAME_HEARTBEAT detail=+500ms
seq=10 mono_us=1045353 wall=2026-08-28T01:04:32.237423Z pid=50450 event=POST_FRAME_HEARTBEAT detail=+1000ms
seq=11 mono_us=2046286 wall=2026-08-28T01:04:33.238299Z pid=50450 event=POST_FRAME_HEARTBEAT detail=+2000ms
seq=12 mono_us=5045180 wall=2026-08-28T01:04:36.237011Z pid=50450 event=POST_FRAME_HEARTBEAT detail=+5000ms
seq=13 mono_us=68142668 wall=2026-08-28T01:05:39.330713Z pid=50450 event=APP_LIFECYCLE detail=inactive
seq=14 mono_us=68842845 wall=2026-08-28T01:05:40.030846Z pid=50450 event=MEMORY_PRESSURE
seq=15 mono_us=68861252 wall=2026-08-28T01:05:40.049252Z pid=50450 event=APP_LIFECYCLE detail=hidden
seq=16 mono_us=68862477 wall=2026-08-28T01:05:40.050476Z pid=50450 event=APP_LIFECYCLE detail=paused
seq=17 mono_us=68875057 wall=2026-08-28T01:05:40.063056Z pid=50450 event=APP_LIFECYCLE detail=hidden
seq=18 mono_us=68876460 wall=2026-08-28T01:05:40.064459Z pid=50450 event=APP_LIFECYCLE detail=inactive
seq=19 mono_us=68887737 wall=2026-08-28T01:05:40.075735Z pid=50450 event=APP_LIFECYCLE detail=hidden
seq=20 mono_us=68889667 wall=2026-08-28T01:05:40.077664Z pid=50450 event=APP_LIFECYCLE detail=paused
seq=21 mono_us=68891652 wall=2026-08-28T01:05:40.079649Z pid=50450 event=MEMORY_PRESSURE
seq=22 mono_us=68893898 wall=2026-08-28T01:05:40.081895Z pid=50450 event=APP_LIFECYCLE detail=detached
native=1 mono_us=69057435 wall=2026-08-28T01:05:40Z pid=50450 event=UIAPP_WILL_TERMINATE
native=1 mono_us=1 wall=2026-08-28T01:13:48Z pid=50521 event=UIAPP_DID_FINISH_LAUNCHING
native=1 mono_us=64829 wall=2026-08-28T01:13:48Z pid=50521 event=FLUTTER_ENGINE_INITIALIZED
seq=0 mono_us=0 wall=2026-08-28T01:13:48.922016Z pid=50521 event=PROCESS_BEGIN detail=phase=main
seq=1 mono_us=3830 wall=2026-08-28T01:13:48.925843Z pid=50521 event=DART_MAIN_ENTERED detail=state=ACT-V3
seq=2 mono_us=21531 wall=2026-08-28T01:13:48.943544Z pid=50521 event=INIT_STATE
seq=3 mono_us=23260 wall=2026-08-28T01:13:48.945272Z pid=50521 event=PID_READ
seq=4 mono_us=46762 wall=2026-08-28T01:13:48.968773Z pid=50521 event=FIRST_FRAME detail=state=ACT-V3
seq=5 mono_us=49303 wall=2026-08-28T01:13:48.971314Z pid=50521 event=POST_FRAME_HEARTBEAT detail=+0ms
seq=6 mono_us=151293 wall=2026-08-28T01:13:49.073298Z pid=50521 event=POST_FRAME_HEARTBEAT detail=+100ms
seq=7 mono_us=169864 wall=2026-08-28T01:13:49.091870Z pid=50521 event=APP_LIFECYCLE detail=resumed
seq=8 mono_us=301525 wall=2026-08-28T01:13:49.223524Z pid=50521 event=POST_FRAME_HEARTBEAT detail=+250ms
seq=9 mono_us=550610 wall=2026-08-28T01:13:49.472595Z pid=50521 event=POST_FRAME_HEARTBEAT detail=+500ms
seq=10 mono_us=1050701 wall=2026-08-28T01:13:49.972661Z pid=50521 event=POST_FRAME_HEARTBEAT detail=+1000ms
seq=11 mono_us=2051110 wall=2026-08-28T01:13:50.973022Z pid=50521 event=POST_FRAME_HEARTBEAT detail=+2000ms
seq=12 mono_us=5051684 wall=2026-08-28T01:13:53.973441Z pid=50521 event=POST_FRAME_HEARTBEAT detail=+5000ms
seq=13 mono_us=156678725 wall=2026-08-28T01:16:25.591489Z pid=50521 event=APP_LIFECYCLE detail=inactive
seq=14 mono_us=158662719 wall=2026-08-28T01:16:27.575363Z pid=50521 event=MEMORY_PRESSURE
seq=15 mono_us=158698150 wall=2026-08-28T01:16:27.610792Z pid=50521 event=APP_LIFECYCLE detail=hidden
seq=16 mono_us=158699769 wall=2026-08-28T01:16:27.612410Z pid=50521 event=APP_LIFECYCLE detail=paused
seq=17 mono_us=158710042 wall=2026-08-28T01:16:27.622683Z pid=50521 event=APP_LIFECYCLE detail=hidden
seq=18 mono_us=158711731 wall=2026-08-28T01:16:27.624371Z pid=50521 event=APP_LIFECYCLE detail=inactive
seq=19 mono_us=158750335 wall=2026-08-28T01:16:27.662974Z pid=50521 event=APP_LIFECYCLE detail=hidden
seq=20 mono_us=158752122 wall=2026-08-28T01:16:27.664759Z pid=50521 event=APP_LIFECYCLE detail=paused
seq=21 mono_us=158754562 wall=2026-08-28T01:16:27.667200Z pid=50521 event=MEMORY_PRESSURE
seq=22 mono_us=158756356 wall=2026-08-28T01:16:27.668993Z pid=50521 event=APP_LIFECYCLE detail=detached
native=1 mono_us=158899275 wall=2026-08-28T01:16:27Z pid=50521 event=UIAPP_WILL_TERMINATE
native=1 mono_us=1 wall=2026-08-28T01:16:33Z pid=50544 event=UIAPP_DID_FINISH_LAUNCHING
native=1 mono_us=102811 wall=2026-08-28T01:16:33Z pid=50544 event=FLUTTER_ENGINE_INITIALIZED
seq=0 mono_us=0 wall=2026-08-28T01:16:33.206902Z pid=50544 event=PROCESS_BEGIN detail=phase=main
seq=1 mono_us=2854 wall=2026-08-28T01:16:33.209753Z pid=50544 event=DART_MAIN_ENTERED detail=state=ACT-V3
seq=2 mono_us=28143 wall=2026-08-28T01:16:33.235041Z pid=50544 event=INIT_STATE
seq=3 mono_us=30282 wall=2026-08-28T01:16:33.237179Z pid=50544 event=PID_READ
seq=4 mono_us=55586 wall=2026-08-28T01:16:33.262482Z pid=50544 event=FIRST_FRAME detail=state=ACT-V3
seq=5 mono_us=63620 wall=2026-08-28T01:16:33.270516Z pid=50544 event=POST_FRAME_HEARTBEAT detail=+0ms
seq=6 mono_us=115783 wall=2026-08-28T01:16:33.322676Z pid=50544 event=APP_LIFECYCLE detail=resumed
seq=7 mono_us=159916 wall=2026-08-28T01:16:33.366806Z pid=50544 event=POST_FRAME_HEARTBEAT detail=+100ms
seq=8 mono_us=309889 wall=2026-08-28T01:16:33.516771Z pid=50544 event=POST_FRAME_HEARTBEAT detail=+250ms
seq=9 mono_us=559244 wall=2026-08-28T01:16:33.766111Z pid=50544 event=POST_FRAME_HEARTBEAT detail=+500ms
seq=10 mono_us=1059094 wall=2026-08-28T01:16:34.265931Z pid=50544 event=POST_FRAME_HEARTBEAT detail=+1000ms
seq=11 mono_us=2059332 wall=2026-08-28T01:16:35.266110Z pid=50544 event=POST_FRAME_HEARTBEAT detail=+2000ms
seq=12 mono_us=5059738 wall=2026-08-28T01:16:38.266336Z pid=50544 event=POST_FRAME_HEARTBEAT detail=+5000ms
seq=13 mono_us=11260010 wall=2026-08-28T01:16:44.466236Z pid=50544 event=APP_LIFECYCLE detail=inactive
seq=14 mono_us=11920789 wall=2026-08-28T01:16:45.126974Z pid=50544 event=MEMORY_PRESSURE
seq=15 mono_us=11938852 wall=2026-08-28T01:16:45.145036Z pid=50544 event=APP_LIFECYCLE detail=hidden
seq=16 mono_us=11940790 wall=2026-08-28T01:16:45.146973Z pid=50544 event=APP_LIFECYCLE detail=paused
seq=17 mono_us=11952365 wall=2026-08-28T01:16:45.158548Z pid=50544 event=APP_LIFECYCLE detail=hidden
seq=18 mono_us=11953831 wall=2026-08-28T01:16:45.160014Z pid=50544 event=APP_LIFECYCLE detail=inactive
seq=19 mono_us=11957029 wall=2026-08-28T01:16:45.163211Z pid=50544 event=APP_LIFECYCLE detail=hidden
seq=20 mono_us=11959896 wall=2026-08-28T01:16:45.166080Z pid=50544 event=APP_LIFECYCLE detail=paused
seq=21 mono_us=11962031 wall=2026-08-28T01:16:45.168213Z pid=50544 event=MEMORY_PRESSURE
seq=22 mono_us=11964341 wall=2026-08-28T01:16:45.170523Z pid=50544 event=APP_LIFECYCLE detail=detached
native=1 mono_us=12181119 wall=2026-08-28T01:16:45Z pid=50544 event=UIAPP_WILL_TERMINATE
native=1 mono_us=0 wall=2026-08-28T01:17:23Z pid=50553 event=UIAPP_DID_FINISH_LAUNCHING
native=1 mono_us=69010 wall=2026-08-28T01:17:23Z pid=50553 event=FLUTTER_ENGINE_INITIALIZED
seq=0 mono_us=0 wall=2026-08-28T01:17:23.161320Z pid=50553 event=PROCESS_BEGIN detail=phase=main
seq=1 mono_us=5604 wall=2026-08-28T01:17:23.166921Z pid=50553 event=DART_MAIN_ENTERED detail=state=ACT-V4
seq=2 mono_us=26528 wall=2026-08-28T01:17:23.187844Z pid=50553 event=INIT_STATE
seq=3 mono_us=28450 wall=2026-08-28T01:17:23.189765Z pid=50553 event=PID_READ
seq=4 mono_us=49483 wall=2026-08-28T01:17:23.210798Z pid=50553 event=FIRST_FRAME detail=state=ACT-V4
seq=5 mono_us=60580 wall=2026-08-28T01:17:23.221894Z pid=50553 event=POST_FRAME_HEARTBEAT detail=+0ms
seq=6 mono_us=140988 wall=2026-08-28T01:17:23.302298Z pid=50553 event=APP_LIFECYCLE detail=resumed
seq=7 mono_us=161226 wall=2026-08-28T01:17:23.322535Z pid=50553 event=POST_FRAME_HEARTBEAT detail=+100ms
seq=8 mono_us=304743 wall=2026-08-28T01:17:23.466042Z pid=50553 event=POST_FRAME_HEARTBEAT detail=+250ms
seq=9 mono_us=553933 wall=2026-08-28T01:17:23.715217Z pid=50553 event=POST_FRAME_HEARTBEAT detail=+500ms
seq=10 mono_us=1054053 wall=2026-08-28T01:17:24.215308Z pid=50553 event=POST_FRAME_HEARTBEAT detail=+1000ms
seq=11 mono_us=2054547 wall=2026-08-28T01:17:25.215747Z pid=50553 event=POST_FRAME_HEARTBEAT detail=+2000ms
seq=12 mono_us=5053965 wall=2026-08-28T01:17:28.214984Z pid=50553 event=POST_FRAME_HEARTBEAT detail=+5000ms
seq=13 mono_us=106188575 wall=2026-08-28T01:19:09.343524Z pid=50553 event=APP_LIFECYCLE detail=inactive
seq=14 mono_us=106914613 wall=2026-08-28T01:19:10.069516Z pid=50553 event=MEMORY_PRESSURE
seq=15 mono_us=106935806 wall=2026-08-28T01:19:10.090708Z pid=50553 event=APP_LIFECYCLE detail=hidden
seq=16 mono_us=106937498 wall=2026-08-28T01:19:10.092400Z pid=50553 event=APP_LIFECYCLE detail=paused
seq=17 mono_us=106949075 wall=2026-08-28T01:19:10.103976Z pid=50553 event=APP_LIFECYCLE detail=hidden
seq=18 mono_us=106950537 wall=2026-08-28T01:19:10.105438Z pid=50553 event=APP_LIFECYCLE detail=inactive
seq=19 mono_us=106953764 wall=2026-08-28T01:19:10.108664Z pid=50553 event=APP_LIFECYCLE detail=hidden
seq=20 mono_us=106955500 wall=2026-08-28T01:19:10.110400Z pid=50553 event=APP_LIFECYCLE detail=paused
seq=21 mono_us=106957606 wall=2026-08-28T01:19:10.112506Z pid=50553 event=MEMORY_PRESSURE
seq=22 mono_us=106959969 wall=2026-08-28T01:19:10.114868Z pid=50553 event=APP_LIFECYCLE detail=detached
native=1 mono_us=107152937 wall=2026-08-28T01:19:10Z pid=50553 event=UIAPP_WILL_TERMINATE
native=1 mono_us=1 wall=2026-08-28T01:21:07Z pid=50572 event=UIAPP_DID_FINISH_LAUNCHING
native=1 mono_us=72010 wall=2026-08-28T01:21:07Z pid=50572 event=FLUTTER_ENGINE_INITIALIZED
seq=0 mono_us=0 wall=2026-08-28T01:21:07.614645Z pid=50572 event=PROCESS_BEGIN detail=phase=main
seq=1 mono_us=2029 wall=2026-08-28T01:21:07.616671Z pid=50572 event=DART_MAIN_ENTERED detail=state=ACT-V4
seq=2 mono_us=9041 wall=2026-08-28T01:21:07.623684Z pid=50572 event=INIT_STATE
seq=3 mono_us=10896 wall=2026-08-28T01:21:07.625538Z pid=50572 event=PID_READ
seq=4 mono_us=41900 wall=2026-08-28T01:21:07.656543Z pid=50572 event=FIRST_FRAME detail=state=ACT-V4
seq=5 mono_us=45186 wall=2026-08-28T01:21:07.659829Z pid=50572 event=POST_FRAME_HEARTBEAT detail=+0ms
seq=6 mono_us=145774 wall=2026-08-28T01:21:07.760418Z pid=50572 event=POST_FRAME_HEARTBEAT detail=+100ms
seq=7 mono_us=200822 wall=2026-08-28T01:21:07.815467Z pid=50572 event=APP_LIFECYCLE detail=resumed
seq=8 mono_us=295725 wall=2026-08-28T01:21:07.910370Z pid=50572 event=POST_FRAME_HEARTBEAT detail=+250ms
seq=9 mono_us=545360 wall=2026-08-28T01:21:08.160007Z pid=50572 event=POST_FRAME_HEARTBEAT detail=+500ms
seq=10 mono_us=1047301 wall=2026-08-28T01:21:08.661952Z pid=50572 event=POST_FRAME_HEARTBEAT detail=+1000ms
seq=11 mono_us=2046702 wall=2026-08-28T01:21:09.661357Z pid=50572 event=POST_FRAME_HEARTBEAT detail=+2000ms
seq=12 mono_us=5046188 wall=2026-08-28T01:21:12.660842Z pid=50572 event=POST_FRAME_HEARTBEAT detail=+5000ms
seq=13 mono_us=220244791 wall=2026-08-28T01:24:47.847298Z pid=50572 event=APP_LIFECYCLE detail=inactive
seq=14 mono_us=221572555 wall=2026-08-28T01:24:49.174981Z pid=50572 event=MEMORY_PRESSURE
seq=15 mono_us=221656335 wall=2026-08-28T01:24:49.258756Z pid=50572 event=APP_LIFECYCLE detail=hidden
seq=16 mono_us=221659020 wall=2026-08-28T01:24:49.261441Z pid=50572 event=APP_LIFECYCLE detail=paused
seq=17 mono_us=221675514 wall=2026-08-28T01:24:49.277935Z pid=50572 event=APP_LIFECYCLE detail=hidden
seq=18 mono_us=221676794 wall=2026-08-28T01:24:49.279214Z pid=50572 event=APP_LIFECYCLE detail=inactive
seq=19 mono_us=221692773 wall=2026-08-28T01:24:49.295193Z pid=50572 event=APP_LIFECYCLE detail=hidden
seq=20 mono_us=221695001 wall=2026-08-28T01:24:49.297420Z pid=50572 event=APP_LIFECYCLE detail=paused
seq=21 mono_us=221697057 wall=2026-08-28T01:24:49.299476Z pid=50572 event=MEMORY_PRESSURE
seq=22 mono_us=221699436 wall=2026-08-28T01:24:49.301854Z pid=50572 event=APP_LIFECYCLE detail=detached
native=1 mono_us=221840812 wall=2026-08-28T01:24:49Z pid=50572 event=UIAPP_WILL_TERMINATE
native=1 mono_us=1 wall=2026-08-28T01:24:51Z pid=50616 event=UIAPP_DID_FINISH_LAUNCHING
native=1 mono_us=67367 wall=2026-08-28T01:24:51Z pid=50616 event=FLUTTER_ENGINE_INITIALIZED
seq=0 mono_us=0 wall=2026-08-28T01:24:51.977423Z pid=50616 event=PROCESS_BEGIN detail=phase=main
seq=1 mono_us=17614 wall=2026-08-28T01:24:51.995034Z pid=50616 event=DART_MAIN_ENTERED detail=state=ACT-V4
seq=2 mono_us=25429 wall=2026-08-28T01:24:52.002849Z pid=50616 event=INIT_STATE
seq=3 mono_us=27770 wall=2026-08-28T01:24:52.005189Z pid=50616 event=PID_READ
seq=4 mono_us=49873 wall=2026-08-28T01:24:52.027291Z pid=50616 event=FIRST_FRAME detail=state=ACT-V4
seq=5 mono_us=51336 wall=2026-08-28T01:24:52.028754Z pid=50616 event=POST_FRAME_HEARTBEAT detail=+0ms
seq=6 mono_us=157958 wall=2026-08-28T01:24:52.135370Z pid=50616 event=POST_FRAME_HEARTBEAT detail=+100ms
seq=7 mono_us=160162 wall=2026-08-28T01:24:52.137573Z pid=50616 event=APP_LIFECYCLE detail=resumed
seq=8 mono_us=303041 wall=2026-08-28T01:24:52.280444Z pid=50616 event=POST_FRAME_HEARTBEAT detail=+250ms
seq=9 mono_us=553371 wall=2026-08-28T01:24:52.530759Z pid=50616 event=POST_FRAME_HEARTBEAT detail=+500ms
seq=10 mono_us=1053268 wall=2026-08-28T01:24:53.030626Z pid=50616 event=POST_FRAME_HEARTBEAT detail=+1000ms
seq=11 mono_us=2053721 wall=2026-08-28T01:24:54.031022Z pid=50616 event=POST_FRAME_HEARTBEAT detail=+2000ms
seq=12 mono_us=5052834 wall=2026-08-28T01:24:57.029955Z pid=50616 event=POST_FRAME_HEARTBEAT detail=+5000ms
seq=13 mono_us=52734188 wall=2026-08-28T01:25:44.708446Z pid=50616 event=APP_LIFECYCLE detail=inactive
seq=14 mono_us=53332827 wall=2026-08-28T01:25:45.307049Z pid=50616 event=MEMORY_PRESSURE
seq=15 mono_us=53355194 wall=2026-08-28T01:25:45.329414Z pid=50616 event=APP_LIFECYCLE detail=hidden
seq=16 mono_us=53356374 wall=2026-08-28T01:25:45.330594Z pid=50616 event=APP_LIFECYCLE detail=paused
seq=17 mono_us=53366956 wall=2026-08-28T01:25:45.341176Z pid=50616 event=APP_LIFECYCLE detail=hidden
seq=18 mono_us=53369419 wall=2026-08-28T01:25:45.343639Z pid=50616 event=APP_LIFECYCLE detail=inactive
seq=19 mono_us=53412166 wall=2026-08-28T01:25:45.386383Z pid=50616 event=APP_LIFECYCLE detail=hidden
seq=20 mono_us=53413783 wall=2026-08-28T01:25:45.387999Z pid=50616 event=APP_LIFECYCLE detail=paused
seq=21 mono_us=53415973 wall=2026-08-28T01:25:45.390189Z pid=50616 event=MEMORY_PRESSURE
seq=22 mono_us=53418408 wall=2026-08-28T01:25:45.392624Z pid=50616 event=APP_LIFECYCLE detail=detached
native=1 mono_us=53574028 wall=2026-08-28T01:25:45Z pid=50616 event=UIAPP_WILL_TERMINATE
native=1 mono_us=1 wall=2026-08-28T01:25:45Z pid=50625 event=UIAPP_DID_FINISH_LAUNCHING
native=1 mono_us=60984 wall=2026-08-28T01:25:46Z pid=50625 event=FLUTTER_ENGINE_INITIALIZED
seq=0 mono_us=0 wall=2026-08-28T01:25:46.081577Z pid=50625 event=PROCESS_BEGIN detail=phase=main
seq=1 mono_us=4752 wall=2026-08-28T01:25:46.086325Z pid=50625 event=DART_MAIN_ENTERED detail=state=ACT-V5
seq=2 mono_us=11067 wall=2026-08-28T01:25:46.092640Z pid=50625 event=INIT_STATE
seq=3 mono_us=12232 wall=2026-08-28T01:25:46.093805Z pid=50625 event=PID_READ
seq=4 mono_us=32002 wall=2026-08-28T01:25:46.113575Z pid=50625 event=FIRST_FRAME detail=state=ACT-V5
seq=5 mono_us=36808 wall=2026-08-28T01:25:46.118380Z pid=50625 event=POST_FRAME_HEARTBEAT detail=+0ms
seq=6 mono_us=135297 wall=2026-08-28T01:25:46.216863Z pid=50625 event=POST_FRAME_HEARTBEAT detail=+100ms
seq=7 mono_us=152631 wall=2026-08-28T01:25:46.234196Z pid=50625 event=APP_LIFECYCLE detail=resumed
seq=8 mono_us=285094 wall=2026-08-28T01:25:46.366651Z pid=50625 event=POST_FRAME_HEARTBEAT detail=+250ms
seq=9 mono_us=535689 wall=2026-08-28T01:25:46.617231Z pid=50625 event=POST_FRAME_HEARTBEAT detail=+500ms
seq=10 mono_us=1035587 wall=2026-08-28T01:25:47.117099Z pid=50625 event=POST_FRAME_HEARTBEAT detail=+1000ms
seq=11 mono_us=2036167 wall=2026-08-28T01:25:48.117624Z pid=50625 event=POST_FRAME_HEARTBEAT detail=+2000ms
seq=12 mono_us=5036017 wall=2026-08-28T01:25:51.117291Z pid=50625 event=POST_FRAME_HEARTBEAT detail=+5000ms
seq=13 mono_us=76399608 wall=2026-08-28T01:27:02.476599Z pid=50625 event=APP_LIFECYCLE detail=inactive
seq=14 mono_us=77031095 wall=2026-08-28T01:27:03.108048Z pid=50625 event=MEMORY_PRESSURE
seq=15 mono_us=77059435 wall=2026-08-28T01:27:03.136387Z pid=50625 event=APP_LIFECYCLE detail=hidden
seq=16 mono_us=77060076 wall=2026-08-28T01:27:03.137027Z pid=50625 event=APP_LIFECYCLE detail=paused
seq=17 mono_us=77071767 wall=2026-08-28T01:27:03.148717Z pid=50625 event=APP_LIFECYCLE detail=hidden
seq=18 mono_us=77073187 wall=2026-08-28T01:27:03.150137Z pid=50625 event=APP_LIFECYCLE detail=inactive
seq=19 mono_us=77109891 wall=2026-08-28T01:27:03.186839Z pid=50625 event=APP_LIFECYCLE detail=hidden
seq=20 mono_us=77111449 wall=2026-08-28T01:27:03.188397Z pid=50625 event=APP_LIFECYCLE detail=paused
seq=21 mono_us=77113771 wall=2026-08-28T01:27:03.190723Z pid=50625 event=MEMORY_PRESSURE
seq=22 mono_us=77116017 wall=2026-08-28T01:27:03.192965Z pid=50625 event=APP_LIFECYCLE detail=detached
native=1 mono_us=77266568 wall=2026-08-28T01:27:03Z pid=50625 event=UIAPP_WILL_TERMINATE
native=1 mono_us=1 wall=2026-08-28T01:27:40Z pid=50643 event=UIAPP_DID_FINISH_LAUNCHING
native=1 mono_us=61027 wall=2026-08-28T01:27:40Z pid=50643 event=FLUTTER_ENGINE_INITIALIZED
seq=0 mono_us=0 wall=2026-08-28T01:27:40.764601Z pid=50643 event=PROCESS_BEGIN detail=phase=main
seq=1 mono_us=3398 wall=2026-08-28T01:27:40.767996Z pid=50643 event=DART_MAIN_ENTERED detail=state=ACT-V5
seq=2 mono_us=35017 wall=2026-08-28T01:27:40.799613Z pid=50643 event=INIT_STATE
seq=3 mono_us=36640 wall=2026-08-28T01:27:40.801235Z pid=50643 event=PID_READ
seq=4 mono_us=56682 wall=2026-08-28T01:27:40.821277Z pid=50643 event=FIRST_FRAME detail=state=ACT-V5
seq=5 mono_us=62861 wall=2026-08-28T01:27:40.827456Z pid=50643 event=POST_FRAME_HEARTBEAT detail=+0ms
seq=6 mono_us=162583 wall=2026-08-28T01:27:40.927171Z pid=50643 event=POST_FRAME_HEARTBEAT detail=+100ms
seq=7 mono_us=165558 wall=2026-08-28T01:27:40.930146Z pid=50643 event=APP_LIFECYCLE detail=resumed
seq=8 mono_us=311374 wall=2026-08-28T01:27:41.075954Z pid=50643 event=POST_FRAME_HEARTBEAT detail=+250ms
seq=9 mono_us=560439 wall=2026-08-28T01:27:41.325004Z pid=50643 event=POST_FRAME_HEARTBEAT detail=+500ms
seq=10 mono_us=1061156 wall=2026-08-28T01:27:41.825691Z pid=50643 event=POST_FRAME_HEARTBEAT detail=+1000ms
seq=11 mono_us=2060417 wall=2026-08-28T01:27:42.824893Z pid=50643 event=POST_FRAME_HEARTBEAT detail=+2000ms
seq=12 mono_us=5061522 wall=2026-08-28T01:27:45.825823Z pid=50643 event=POST_FRAME_HEARTBEAT detail=+5000ms
seq=13 mono_us=377004089 wall=2026-08-28T01:33:58.031776Z pid=50643 event=APP_LIFECYCLE detail=inactive
seq=14 mono_us=377572551 wall=2026-08-28T01:33:58.600254Z pid=50643 event=MEMORY_PRESSURE
seq=15 mono_us=377585763 wall=2026-08-28T01:33:58.613466Z pid=50643 event=APP_LIFECYCLE detail=hidden
seq=16 mono_us=377587930 wall=2026-08-28T01:33:58.615636Z pid=50643 event=APP_LIFECYCLE detail=paused
seq=17 mono_us=377597133 wall=2026-08-28T01:33:58.624836Z pid=50643 event=APP_LIFECYCLE detail=hidden
seq=18 mono_us=377600071 wall=2026-08-28T01:33:58.627775Z pid=50643 event=APP_LIFECYCLE detail=inactive
seq=19 mono_us=377608140 wall=2026-08-28T01:33:58.635843Z pid=50643 event=APP_LIFECYCLE detail=hidden
seq=20 mono_us=377609989 wall=2026-08-28T01:33:58.637692Z pid=50643 event=APP_LIFECYCLE detail=paused
seq=21 mono_us=377613096 wall=2026-08-28T01:33:58.640800Z pid=50643 event=MEMORY_PRESSURE
seq=22 mono_us=377615561 wall=2026-08-28T01:33:58.643264Z pid=50643 event=APP_LIFECYCLE detail=detached
native=1 mono_us=378413079 wall=2026-08-28T01:33:59Z pid=50643 event=FLUTTER_ENGINE_INITIALIZED
seq=0 mono_us=0 wall=2026-08-28T01:33:59.353584Z pid=50643 event=PROCESS_BEGIN detail=phase=main
seq=1 mono_us=2314 wall=2026-08-28T01:33:59.355895Z pid=50643 event=DART_MAIN_ENTERED detail=state=ACT-V5
seq=2 mono_us=6203 wall=2026-08-28T01:33:59.359784Z pid=50643 event=INIT_STATE
seq=3 mono_us=8292 wall=2026-08-28T01:33:59.361873Z pid=50643 event=PID_READ
seq=4 mono_us=16649 wall=2026-08-28T01:33:59.370231Z pid=50643 event=FIRST_FRAME detail=state=ACT-V5
seq=5 mono_us=18786 wall=2026-08-28T01:33:59.372368Z pid=50643 event=POST_FRAME_HEARTBEAT detail=+0ms
seq=6 mono_us=120379 wall=2026-08-28T01:33:59.473964Z pid=50643 event=POST_FRAME_HEARTBEAT detail=+100ms
seq=7 mono_us=271326 wall=2026-08-28T01:33:59.624918Z pid=50643 event=POST_FRAME_HEARTBEAT detail=+250ms
seq=8 mono_us=547291 wall=2026-08-28T01:33:59.900891Z pid=50643 event=POST_FRAME_HEARTBEAT detail=+500ms
seq=9 mono_us=595529 wall=2026-08-28T01:33:59.949131Z pid=50643 event=MEMORY_PRESSURE
seq=10 mono_us=599149 wall=2026-08-28T01:33:59.952750Z pid=50643 event=APP_LIFECYCLE detail=hidden
seq=11 mono_us=600554 wall=2026-08-28T01:33:59.954155Z pid=50643 event=APP_LIFECYCLE detail=paused
native=1 mono_us=379063001 wall=2026-08-28T01:33:59Z pid=50643 event=UIAPP_WILL_TERMINATE
seq=12 mono_us=611656 wall=2026-08-28T01:33:59.965258Z pid=50643 event=APP_LIFECYCLE detail=detached
