[WARN] No patch public key was provided. Patches for this release will not be cryptographically verified on the device.
To enable verification, provide --public-key-path or --public-key-cmd.
Starting Downloading aot-tools.dill......
Starting Fetching apps...
Done Fetching apps
Starting Running flutter precache...
Done Running flutter precache
Starting Downloading aot-tools.dill......
Building iOS framework with Flutter unknown (e64eb0af52)
Resolving dependencies...
Downloading packages...
  clock 1.1.2 (1.1.3 available)
  matcher 0.12.19 (0.12.20 available)
  material_color_utilities 0.13.0 (0.13.1 available)
  meta 1.18.0 (1.19.0 available)
  stack_trace 1.12.1 (1.12.2 available)
  test_api 0.7.11 (0.7.14 available)
  vector_math 2.2.0 (2.4.2 available)
Got dependencies!
7 packages have newer versions incompatible with dependency constraints.
Try `flutter pub outdated` for more information.
Skipping code-signing...
   └── Unable to verify if code-signing identity has changed. If this triggers a notice in Xcode,
       select "Accept Change" to accept the new identity.
Found saved certificate choice "Apple Development: Pesach Brody (BRDNYM22XL)". To clear, use "flutter config --clear-ios-signing-settings".
Developer identity "Apple Development: Pesach Brody (BRDNYM22XL)" selected for iOS code signing
Found saved certificate choice "Apple Development: Pesach Brody (BRDNYM22XL)". To clear, use "flutter config --clear-ios-signing-settings".
Developer identity "Apple Development: Pesach Brody (BRDNYM22XL)" selected for iOS code signing
Building frameworks for dev.selfhost.addtoappModule in release mode...
 ├─Copying Flutter.xcframework...                                   50ms
 ├─Building App.xcframework...                                  
Font asset "MaterialIcons-Regular.otf" was tree-shaken, reducing it from 1645184 to 1368 bytes (99.9% reduction). Tree-shaking can be disabled by providing the --no-tree-shake-icons flag when building your app.
Error: No iOS frameworks found in /Volumes/build/route-b/shorebird-candidate/bin/cache/flutter/e64eb0af52e1c43c3b21a39556d789538d0df9b3/bin/cache/artifacts/engine/ios/Flutter.xcframework
 ├─Building App.xcframework...                                     28.0s
The App.xcframework build failed.
Failed to build iOS framework.
Command: flutter build ios-framework --no-debug --no-profile --no-codesign
Reason: Exited with code 1.

💡 Fix Recommendations

• Check that running `flutter build` with the same command-line arguments
completes successfully by running the following command:

flutter build ios-framework --no-debug --no-profile --no-codesign

If the above command fails, then this is likely not a Shorebird issue and
the underlying `flutter build` failure must be resolved for Shorebird to
build a release.

• If `flutter build` completes successfully, please ensure that you are
providing the desired flutter version to the release command via 
the `--flutter-version` option. If you do not specify a `--flutter-version`
Shorebird will default to the latest stable version of Flutter.
We strongly encourage always specifying an explicit Flutter version:

shorebird release <platform> --flutter-version=3.29.0

• If `flutter build` completes successfully and `shorebird release`
fails when using the same flutter version, please file an issue:
https://github.com/shorebirdtech/shorebird/issues/new


If you aren't sure why this command failed, re-run with the --verbose flag to see more information.

You can also [file an issue](https://github.com/shorebirdtech/shorebird/issues/new/choose) if you think this is a bug. Please include the following log file in your report:
/Users/mendell/Library/Application Support/shorebird/logs/1788472321732_shorebird.log

