pid=20004 tid=ThreadId(1) SAVE_END instance=1 queue_len=0 fingerprint=6594876a62a4c2b4 result=ok
pid=20004 tid=ThreadId(1) LOAD instance=2 queue_len=0 fingerprint=6594876a62a4c2b4
pid=20004 tid=ThreadId(1) LOAD instance=3 queue_len=0 fingerprint=6594876a62a4c2b4
pid=20004 tid=ThreadId(1) LOAD instance=4 queue_len=0 fingerprint=6594876a62a4c2b4
pid=20004 tid=ThreadId(2) LOAD instance=5 queue_len=0 fingerprint=6594876a62a4c2b4
pid=20004 tid=ThreadId(2) LOAD instance=6 queue_len=0 fingerprint=6594876a62a4c2b4
pid=20004 tid=ThreadId(2) SAVE_BEGIN instance=6 queue_len=0 fingerprint=6594876a62a4c2b4
pid=20004 tid=ThreadId(2) SAVE_END instance=6 queue_len=0 fingerprint=6594876a62a4c2b4 result=ok
pid=20004 tid=ThreadId(1) LOAD instance=7 queue_len=0 fingerprint=6594876a62a4c2b4
pid=20004 tid=ThreadId(2) LOAD instance=8 queue_len=0 fingerprint=6594876a62a4c2b4
pid=20004 tid=ThreadId(2) LOAD instance=9 queue_len=0 fingerprint=6594876a62a4c2b4
pid=20004 tid=ThreadId(2) LOAD instance=10 queue_len=0 fingerprint=6594876a62a4c2b4
pid=20004 tid=ThreadId(2) LOAD instance=11 queue_len=0 fingerprint=6594876a62a4c2b4
pid=20004 tid=ThreadId(2) LOAD instance=12 queue_len=0 fingerprint=6594876a62a4c2b4
pid=20015 tid=ThreadId(1) LOAD instance=1 queue_len=0 fingerprint=6594876a62a4c2b4
pid=20015 tid=ThreadId(1) LOAD instance=2 queue_len=0 fingerprint=6594876a62a4c2b4
pid=20015 tid=ThreadId(1) LOAD instance=3 queue_len=0 fingerprint=6594876a62a4c2b4
pid=20015 tid=ThreadId(1) LOAD instance=4 queue_len=0 fingerprint=6594876a62a4c2b4
pid=20015 tid=ThreadId(2) LOAD instance=5 queue_len=0 fingerprint=6594876a62a4c2b4
pid=20015 tid=ThreadId(2) LOAD instance=6 queue_len=0 fingerprint=6594876a62a4c2b4
pid=20015 tid=ThreadId(2) SAVE_BEGIN instance=6 queue_len=0 fingerprint=6594876a62a4c2b4
pid=20015 tid=ThreadId(2) SAVE_END instance=6 queue_len=0 fingerprint=6594876a62a4c2b4 result=ok
pid=20015 tid=ThreadId(1) LOAD instance=7 queue_len=0 fingerprint=6594876a62a4c2b4
pid=20015 tid=ThreadId(2) LOAD instance=8 queue_len=0 fingerprint=6594876a62a4c2b4
pid=20029 tid=ThreadId(1) LOAD instance=1 queue_len=0 fingerprint=6594876a62a4c2b4
pid=20029 tid=ThreadId(1) LOAD instance=2 queue_len=0 fingerprint=6594876a62a4c2b4
pid=20029 tid=ThreadId(1) LOAD instance=3 queue_len=0 fingerprint=6594876a62a4c2b4
pid=20029 tid=ThreadId(1) LOAD instance=4 queue_len=0 fingerprint=6594876a62a4c2b4
pid=20029 tid=ThreadId(2) LOAD instance=5 queue_len=0 fingerprint=6594876a62a4c2b4
pid=20029 tid=ThreadId(2) LOAD instance=6 queue_len=0 fingerprint=6594876a62a4c2b4
pid=20029 tid=ThreadId(2) SAVE_BEGIN instance=6 queue_len=0 fingerprint=6594876a62a4c2b4
pid=20029 tid=ThreadId(2) SAVE_END instance=6 queue_len=0 fingerprint=6594876a62a4c2b4 result=ok
pid=20042 tid=ThreadId(1) LOAD instance=1 queue_len=0 fingerprint=6594876a62a4c2b4
pid=20042 tid=ThreadId(1) QUEUE_EVENT instance=1 event=PatchBootLifecycle/Some(AmbiguousBootRetry) queue_len=0->1 fingerprint=d3e3191059d4ddff
pid=20042 tid=ThreadId(1) SAVE_BEGIN instance=1 queue_len=1 fingerprint=d3e3191059d4ddff
pid=20042 tid=ThreadId(1) SAVE_END instance=1 queue_len=1 fingerprint=d3e3191059d4ddff result=ok
pid=20042 tid=ThreadId(1) LOAD instance=2 queue_len=1 fingerprint=d3e3191059d4ddff
pid=20042 tid=ThreadId(1) LOAD instance=3 queue_len=1 fingerprint=d3e3191059d4ddff
pid=20042 tid=ThreadId(1) LOAD instance=4 queue_len=1 fingerprint=d3e3191059d4ddff
pid=20042 tid=ThreadId(2) LOAD instance=5 queue_len=1 fingerprint=d3e3191059d4ddff
pid=20042 tid=ThreadId(1) LOAD instance=6 queue_len=1 fingerprint=d3e3191059d4ddff
pid=20042 tid=ThreadId(1) QUEUE_EVENT instance=6 event=PatchBootLifecycle/Some(RecoveredAfterAmbiguity) queue_len=1->2 fingerprint=f699fd15f8982d47
pid=20042 tid=ThreadId(1) SAVE_BEGIN instance=6 queue_len=2 fingerprint=f699fd15f8982d47
pid=20042 tid=ThreadId(1) SAVE_END instance=6 queue_len=2 fingerprint=f699fd15f8982d47 result=ok
pid=20042 tid=ThreadId(2) LOAD instance=7 queue_len=2 fingerprint=f699fd15f8982d47
pid=20042 tid=ThreadId(2) SAVE_BEGIN instance=7 queue_len=0 fingerprint=6594876a62a4c2b4
pid=20042 tid=ThreadId(2) SAVE_END instance=7 queue_len=0 fingerprint=6594876a62a4c2b4 result=ok
pid=20042 tid=ThreadId(2) LOAD instance=8 queue_len=0 fingerprint=6594876a62a4c2b4
