
[1m0. throwaway control plane on :58649, reachable from the device[0m
  up; adb reverse tcp:58649 -> host
  device sees it: 200

[1m1. a fresh ordinary Flutter app with an unmistakable marker[0m
  marker: ANDROID-FINAL-V1-RELEASE
  added shorebird.yaml to flutter assets
  INTERNET permission entries: 1
  app_id=65ca0d46-5143-0406-dfab-b5d008927e4b  base_url=http://localhost:58649

[1m2. shorebird release android --artifact apk[0m
  pubspec version: version: 1.0.0+1
  FLUTTER_VER=309dd6573a9fe716410489284cd325a34b950375
  exit=0
  --- hydration / coherence / engine lines ---
    | 3:Starting Downloading aot-tools.dill......
    | 6:Starting Running flutter precache...
    | 7:Done Running flutter precache
    | 10:Downloading packages...
    | 29:Downloading packages...
  --- tail ---
    | Done Uploading supplement artifacts
    | Starting Updating release status...
    | Done Updating release status
    | 
    | ✅ Published Release 1.0.0+1!
    | Your next step is to upload the app bundle to the Play Store:
    | /private/tmp/android1.Fyj85M/app/build/app/outputs/bundle/release/app-release.aab
    | 
    | Or distribute the apk:
    | /private/tmp/android1.Fyj85M/app/build/app/outputs/flutter-apk/app-release.apk
    | 
    | For information on uploading to the Play Store, see:
    | https://support.google.com/googleplay/android-developer/answer/9859152?hl=en
    | 
    | To create a patch for this release, run shorebird patch --platforms=android --release-version=1.0.0+1
