Updating Flutter...
HEAD is now at 5b180d224 select the macos-ios-android cell f85251f344600ae08196925a174e9cff8f0ff18e
Shorebird Engine • revision f85251f344600ae08196925a174e9cff8f0ff18e
Flutter 3.46.0-1.0.pre-167 • channel [user-branch] • unknown source
Framework • revision 5b180d224d (4 hours ago) • 2026-09-04 13:28:46 -0400
Engine • hash  (revision f85251f344) (3 days ago) • 2026-09-01 01:35:49.439264
Tools • Dart 3.12.2 • DevTools 2.57.0
Building Shorebird...
Resolving dependencies in `/Volumes/build/cleanroom2/boot/runtime`...
Downloading packages...
  _fe_analyzer_shared 103.0.0 (107.0.0 available)
  analyzer 13.3.0 (14.3.0 available)
  archive 4.0.9 (4.2.0 available)
  build 4.0.6 (4.0.11 available)
  build_config 1.3.0 (1.3.3 available)
  build_daemon 4.1.1 (4.1.6 available)
  build_runner 2.15.0 (2.16.1 available)
  built_value 8.12.5 (8.13.0 available)
  cli_completion 0.5.1 (0.6.0 available)
  cli_util 0.5.1 (0.6.0 available)
  clock 1.1.2 (1.1.3 available)
  coverage 1.15.0 (1.15.1 available)
  dart_style 3.1.9 (3.1.13 available)
  decimal 3.2.4 (3.2.6 available)
  glob 2.1.3 (2.2.0 available)
  google_cloud 0.4.0 (0.5.0 available)
  googleapis_auth 2.3.2 (2.3.3 available)
  io 1.0.5 (1.1.0 available)
  json_serializable 6.14.0 (6.14.1 available)
  matcher 0.12.19 (0.12.20 available)
  meta 1.18.3 (1.19.0 available)
  mime 2.0.0 (2.1.0 available)
  mustache_template 2.0.4 (2.0.5 available)
  package_config 2.2.0 (3.0.0 available)
  pool 1.5.2 (1.5.3 available)
  posix 6.5.0 (6.5.2 available)
  pub_semver 2.2.0 (2.2.1 available)
  pubspec_parse 1.5.0 (1.6.0 available)
  source_gen 4.2.3 (4.3.0 available)
  source_helper 1.3.12 (1.3.13 available)
  source_maps 0.10.13 (0.10.14 available)
  space_gen 1.3.0 (1.4.0 available)
  stack_trace 1.12.1 (1.12.2 available)
  stream_transform 2.1.1 (2.1.2 available)
  test 1.31.2 (1.32.0 available)
  test_api 0.7.13 (0.7.14 available)
  test_core 0.6.19 (0.6.20 available)
  uuid 4.5.3 (4.6.0 available)
  very_good_analysis 10.3.0 (11.0.0 available)
  vm_service 15.0.2 (15.3.0 available)
  win32 5.15.0 (6.4.0 available)
  yaml 3.1.3 (3.1.4 available)
Got dependencies in `/Volumes/build/cleanroom2/boot/runtime`!
42 packages have newer versions incompatible with dependency constraints.
Try `dart pub outdated` for more information.
[WARN] No patch public key was provided. Patches for this release will not be cryptographically verified on the device.
To enable verification, provide --public-key-path or --public-key-cmd.
Starting Downloading aot-tools.dill......
Starting Fetching apps...
Done Fetching apps
Starting Running flutter precache...
Done Running flutter precache
Starting Downloading aot-tools.dill......
Building Android app bundle with Flutter unknown (5b180d224d)
Resolving dependencies...
Downloading packages...
  clock 1.1.2 (1.1.3 available)
  matcher 0.12.19 (0.12.20 available)
  material_color_utilities 0.13.0 (0.13.1 available)
  meta 1.18.0 (1.19.0 available)
  stack_trace 1.12.1 (1.12.2 available)
  test_api 0.7.11 (0.7.14 available)
  vector_math 2.2.0 (2.4.2 available)
Got dependencies!
7 packages have newer versions incompatible with dependency constraints.
Try `flutter pub outdated` for more information.
Running Gradle task 'bundleRelease'...                          
Font asset "MaterialIcons-Regular.otf" was tree-shaken, reducing it from 1645184 to 1368 bytes (99.9% reduction). Tree-shaking can be disabled by providing the --no-tree-shake-icons flag when building your app.
Running Gradle task 'bundleRelease'...                              6.4s
Shorebird build trace written to /Volumes/build/ci1/app/build/shorebird/debug/build-trace-android.json. View at https://ui.perfetto.dev
libapp.so.sym or libapp.so.dbg not present when checking final appbundle for debug symbols. Play Console will not receive Dart crash symbols for this build. To enable, remove `packaging.jniLibs.keepDebugSymbols.add("**/libapp.so")` from android/app/build.gradle.kts.
✓ Built build/app/outputs/bundle/release/app-release.aab (47.1MB)
Building APK
Resolving dependencies...
Downloading packages...
  clock 1.1.2 (1.1.3 available)
  matcher 0.12.19 (0.12.20 available)
  material_color_utilities 0.13.0 (0.13.1 available)
  meta 1.18.0 (1.19.0 available)
  stack_trace 1.12.1 (1.12.2 available)
  test_api 0.7.11 (0.7.14 available)
  vector_math 2.2.0 (2.4.2 available)
Got dependencies!
7 packages have newer versions incompatible with dependency constraints.
Try `flutter pub outdated` for more information.
Running Gradle task 'assembleRelease'...                         1,962ms
Shorebird build trace written to /Volumes/build/ci1/app/build/shorebird/debug/build-trace-android.json. View at https://ui.perfetto.dev
✓ Built build/app/outputs/flutter-apk/app-release.apk (49.9MB)
Starting Determining release version...
Starting Downloading aot-tools.dill......
Starting Downloading aot-tools.dill......
Starting Downloading aot-tools.dill......
Done Release version: 4.0.0+1
Starting Fetching releases...
Done Fetching releases

🚀 Ready to create a new release!

📱 App: ci-noninteractive-1 (9ca71483-5bf7-f933-00d5-7bfd3baadb8f)
📦 Release Version: 4.0.0+1
🕹️  Platform: android
🐦 Flutter Version: unknown (5b180d224d)

Input was required for the following prompt but the CLI is running in a non-interactive context:
  Would you like to continue?

Hint: Re-run with a TTY, or drop --confirm to proceed without confirmation.
